[gadi_md] staging 3 input file(s) to gadi:/scratch/m72/mzs564/gromos_runs
[gadi_md] submitting w_spce_emin to gadi (normal, 8 ranks, 1000 steps, walltime 00:30:00)
[gadi_md] job id 177606808.gadi-pbs
MD++
========
version    :     1.6.0
build date :     Mon Jul 13 16:53:48 AEST 2026

Debugging is disabled.

MPI code enabled
	running on 8 nodes.
	this is node 0.


Gruppe fuer Informatikgestuetzte Chemie
Professor W. F. van Gunsteren
ETH Swiss Federal Institute of Technology
Zurich, Switzerland

Bugreports to http://www.gromos.net

Running on gadi-cpu-clx-1362.gadi.nci.org.au (Linux 4.18.0-553.148.1.el8.nci.x86_64 #1 SMP Fri Jul 31 05:22:14 UTC 2026 x86_64).

MPI INFORMATION 
	Simulation ID 0
	Simulation Master Thread ID 0
	Simulation Total Num Threads 8
	Simulation All Thread IDS:  
		0	 1	 2	 3	 4	 5	 6	 7	 
END
INPUT
2048 SPCE water, emin
benchmark protocol: dt 0.001 ps, cutoff 1.8 nm, EPSRF 61
END
TOPOLOGY
MAKE_TOP topology, using:
/home/atb/ATB/gromos_job_wrapper/src/gromos_job_wrapper/lib/54A7.mtb
/home/atb/ATB/gromos_job_wrapper/src/gromos_job_wrapper/lib/54A7.ifp
Force-field code: 54A7

	unknown topology type (atomistic / coarse-grained)
	using atomistic parameters
	SOLVENT
		atoms : 3
		constraints : 3
		adding 2048 solvents.
	END
	SOLUTE [sub]molecules: 0
	SOLUTE temperature groups: 0
	SOLUTE pressure groups: 0
END
FORCEFIELD
	quartic bond interaction
	bond angle (cosine) interaction
	improper dihedral interaction
	dihedral interaction
	crossdihedral interaction
	nonbonded force     van-der-Waals                 Coulomb-reaction-field        
	Pairlist Algorithm  Standard Pairlist Algorithm   
	boundary            rectangular                   
	virial              none                          
	cutoff              chargegroup                   
	shortrange cutoff      : 1.8
	longrange cutoff       : 1.8
	pairlist creation every 5 steps

	REACTION FIELD PARAMETERS
	reactionfield cutoff   : 1.8
	epsilon                : 1
	reactionfield epsilon  : 61
	kappa                  : 0
	perturbation        off                           
END
PRESSURE SCALING
      COUPLE       SCALE        COMP         TAU      VIRIAL
        none         off     0.00075     0.50000        none
     SEMIANISOTROPIC COUPLINGS(X, Y, Z)
     1 (ignored)     1 (ignored)     1 (ignored)
     REFERENCE PRESSURE
     0.06102     0.00000     0.00000
     0.00000     0.06102     0.00000
     0.00000     0.00000     0.06102
END
CONFIGURATION
	reading POSITION...
	reading LATTICESHIFTS...
	reading GENBOX...
	PBC            = rectangular
	total mass     = 36895.53920
	volume         = 63.07053
	density        = 584.98858
END

CENTRE OF MASS MOTION
END
LATTICESHIFTS
    keeping track of lattice shifts.
    reading initial shifts from configuration.
END
	standard pairlist algorithm
	estimated pairlist size (per atom) : 3093
	using standard solvent loops (user request)
ENERGY MINIMISATION
	steepest descent
	minimum energy criterion : 0.01000
	starting step size       : 0.01000
	maximum step size        : 0.05000
	minimum steps            : 100
END
SHAKE
	solute	OFF
	solvent	ON (MPI parallel version)
		tolerance = 0.00001000
END
MULTIBATHCOUPLING
   LAST-ATOM    LAST-MOL    COM-BATH     IR-BATH
        6144        2048           1           1
END
DEGREES OF FREEDOM
      BATH   TEMP0     TAU       DOF   MOL-DOF    IR-DOF     SOLUC     SOLVC
         0    0.00   -1.00  12288.00   6144.00   6144.00      0.00   6144.00
    --------------------------------------------------------------------------
     Total       -       -  12288.00   6144.00   6144.00      0.00   6144.00
END
INITIAL TEMPERATURES
      BATH         EKIN  EKIN-MOL-TR  EKIN-MOL-IR         T  T-MOL-TR  T-MOL-IR       SCALE
         0   0.0000e+00   0.0000e+00   0.0000e+00      0.00      0.00      0.00           -
    ---------------------------------------------------------------------------------------
     T_avg   0.0000e+00   0.0000e+00   0.0000e+00      0.00      0.00      0.00           -
END
TITLE
	MD++

	output file
END
  WARNING io::In_Parameter : ENERGYMIN block: NCYC > 0 has no effect for steepest descent
  WARNING In_Topology : block ATOMTYPENAME unknown and not read in!
  WARNING In_Topology : block BOND unknown and not read in!
  WARNING In_Topology : block BONDANGLE unknown and not read in!
  WARNING In_Topology : block BONDANGLEH unknown and not read in!
  WARNING In_Topology : block BONDH unknown and not read in!
  WARNING In_Topology : block CROSSDIHEDRAL unknown and not read in!
  WARNING In_Topology : block CROSSDIHEDRALH unknown and not read in!
  WARNING In_Topology : block DIHEDRAL unknown and not read in!
  WARNING In_Topology : block DIHEDRALH unknown and not read in!
  WARNING In_Topology : block IMPDIHEDRAL unknown and not read in!
  WARNING In_Topology : block IMPDIHEDRALH unknown and not read in!
  WARNING In_Topology : block LJEXCEPTIONS unknown and not read in!
  WARNING In_Topology : block PRESSUREGROUPS unknown and not read in!
  WARNING In_Topology : block RESNAME unknown and not read in!
  WARNING In_Topology : block SOLUTEATOM unknown and not read in!
  WARNING In_Topology : block SOLUTEMOLECULES unknown and not read in!
  WARNING In_Topology : block TEMPERATUREGROUPS unknown and not read in!
   NOTICE read input : parameter read from /scratch/m72/mzs564/gromos_runs/ssd1_nas_md/water_benchmarking/spce/gromos/emin.imd
        ,------------------------------------------------.
        | 2048 SPCE water, emin
        | benchmark protocol: dt 0.001 ps, cutoff 1.8 nm, EPSRF 61
        `------------------------------------------------'
   NOTICE In_Topology::bondtype : Reading bond types from BONDSTRETCHTYPE block
   NOTICE In_Topology::angletype : Reading angle types from BONDANGLEBENDTYPE block
   NOTICE In_Topology::dihedraltype : Reading angle types from TORSDIHEDRALTYPE block
   NOTICE read input : topology read from /scratch/m72/mzs564/gromos_runs/ssd1_nas_md/water_benchmarking/spce/gromos/spce.top
        ,------------------------------------------------.
        | MAKE_TOP topology, using:
        | /home/atb/ATB/gromos_job_wrapper/src/gromos_job_wrapper/lib/54A7.mtb
        | /home/atb/ATB/gromos_job_wrapper/src/gromos_job_wrapper/lib/54A7.ifp
        | Force-field code: 54A7
        `------------------------------------------------'
   NOTICE Multibath::calculate_degrees_of_freedom : Adding a bath, no temperature coupling
   NOTICE Multibath::calculate_degrees_of_freedom : Adding atoms to the last bath!
   NOTICE read input : configuration read from /scratch/m72/mzs564/gromos_runs/ssd1_nas_md/water_benchmarking/spce/gromos/water_2048.cnf
        ,------------------------------------------------.
        | 2048 water molecules, cubic box a = 3.980541517 nm
        | cut from H2O_box.g96 (Schmid 2009, 5 ns NPT)
        `------------------------------------------------'

enter the next level of molecular dynamics simulations

==================================================
 MAIN MD LOOP
==================================================


--------------------------------------------------------------------------------
TIMESTEP
              0    0.000000000
END
ENERGIES
E_Total                :  -7.7199e+04
E_Kinetic              :            0.0000e+00
E_Potential+Special    :           -7.7199e+04
E_Potential            :           -7.7199e+04
E_Covalent             :                     0.0000e+00
E_Bonds                :                              0.0000e+00
E_Angles               :                              0.0000e+00
E_Improper             :                              0.0000e+00
E_Dihedral             :                              0.0000e+00
E_Crossdihedral        :                              0.0000e+00
E_Non-bonded           :                    -7.7199e+04
E_Vdw                  :                              2.1512e+04
E_El (RF)              :                             -9.8711e+04
E_El (LS)              :                              0.0000e+00
E_El (pair)            :                                       0.0000e+00
E_El (real-space)      :                                                0.0000e+00
E_El (k-space)         :                                                0.0000e+00
E_El (A term)          :                                                0.0000e+00
E_El (lattice sum self):                                       0.0000e+00
E_El (surface term)    :                                       0.0000e+00
E_Polarisation self    :                              0.0000e+00
E_QM                   :                     0.0000e+00
E_Special              :            0.0000e+00
E_total_orig           :                    -7.7199e+04
E_total_phys           :                    -7.7199e+04
E_SASA                 :                     0.0000e+00
E_SASA Volume          :                     0.0000e+00
E_Constraints          :                     0.0000e+00
E_Distanceres          :                     0.0000e+00
E_Disfieldres          :                     0.0000e+00
E_Angrest              :                     0.0000e+00
E_Dihrest              :                     0.0000e+00
E_Posrest              :                     0.0000e+00
E_Jrest                :                     0.0000e+00
E_X-ray restraints     :                     0.0000e+00
E_Local elevation      :                     0.0000e+00
E_Order-parameter rest.:                     0.0000e+00
E_RDCrest              :                     0.0000e+00
E_Symmetry restraints  :                     0.0000e+00
E_EDS reference        :                     0.0000e+00
E_GAMD total           :                     0.0000e+00
E_Entropy              :                     0.0000e+00
E_NN validation        :                     0.0000e+00
E_NN validation Fmax   :                     0.0000e+00
E_Collective variables :                     0.0000e+00

                 COV      1-6144
             E_bonds  0.0000e+00
            E_angles  0.0000e+00
         E_impropers  0.0000e+00
         E_dihedrals  0.0000e+00
    E_crossdihedrals  0.0000e+00

               E_VDW      1-6144
              1-6144  2.1512e+04

               E_CRF      1-6144
              1-6144 -9.8711e+04

  E_Shift_extra_orig   All Zeros

  E_Shift_extra_phys   All Zeros

         E_LS (real)   All Zeros

       E_Self-energy  0.0000e+00

           E_SPECIAL      1-6144
              E_SASA  0.0000e+00
       E_SASA Volume  0.0000e+00
       E_Constraints  0.0000e+00
       E_Distanceres  0.0000e+00
       E_Disfieldres  0.0000e+00
           E_Angrest  0.0000e+00
           E_Dihrest  0.0000e+00
           E_Posrest  0.0000e+00
             E_Jrest  0.0000e+00
           E_RDCrest  0.0000e+00
END
MD:         10% done...
MD:         10% done...
MD: spent 0:0:4
MD: spent 0:0:4
MD: ETA   0:0:36
MD: ETA   0:0:36
STEEPEST DESCENT:	MINIMUM REACHED
TIMESTEP
            151    0.151000000
END
MINIMUM ENERGY
EMIN_Total                :  -8.5172e+04
EMIN_Kinetic              :            0.0000e+00
EMIN_Potential+Special    :           -8.5172e+04
EMIN_Potential            :           -8.5172e+04
EMIN_Covalent             :                     0.0000e+00
EMIN_Bonds                :                              0.0000e+00
EMIN_Angles               :                              0.0000e+00
EMIN_Improper             :                              0.0000e+00
EMIN_Dihedral             :                              0.0000e+00
EMIN_Crossdihedral        :                              0.0000e+00
EMIN_Non-bonded           :                    -8.5172e+04
EMIN_Vdw                  :                              1.5172e+04
EMIN_El (RF)              :                             -1.0034e+05
EMIN_El (LS)              :                              0.0000e+00
EMIN_El (pair)            :                                       0.0000e+00
EMIN_El (real-space)      :                                                0.0000e+00
EMIN_El (k-space)         :                                                0.0000e+00
EMIN_El (A term)          :                                                0.0000e+00
EMIN_El (lattice sum self):                                       0.0000e+00
EMIN_El (surface term)    :                                       0.0000e+00
EMIN_Polarisation self    :                              0.0000e+00
EMIN_QM                   :                     0.0000e+00
EMIN_Special              :            0.0000e+00
EMIN_total_orig           :                    -8.5172e+04
EMIN_total_phys           :                    -8.5172e+04
EMIN_SASA                 :                     0.0000e+00
EMIN_SASA Volume          :                     0.0000e+00
EMIN_Constraints          :                     0.0000e+00
EMIN_Distanceres          :                     0.0000e+00
EMIN_Disfieldres          :                     0.0000e+00
EMIN_Angrest              :                     0.0000e+00
EMIN_Dihrest              :                     0.0000e+00
EMIN_Posrest              :                     0.0000e+00
EMIN_Jrest                :                     0.0000e+00
EMIN_X-ray restraints     :                     0.0000e+00
EMIN_Local elevation      :                     0.0000e+00
EMIN_Order-parameter rest.:                     0.0000e+00
EMIN_RDCrest              :                     0.0000e+00
EMIN_Symmetry restraints  :                     0.0000e+00
EMIN_EDS reference        :                     0.0000e+00
EMIN_GAMD total           :                     0.0000e+00
EMIN_Entropy              :                     0.0000e+00
EMIN_NN validation        :                     0.0000e+00
EMIN_NN validation Fmax   :                     0.0000e+00
EMIN_Collective variables :                     0.0000e+00

                 COV      1-6144
          EMIN_bonds  0.0000e+00
         EMIN_angles  0.0000e+00
      EMIN_impropers  0.0000e+00
      EMIN_dihedrals  0.0000e+00
 EMIN_crossdihedrals  0.0000e+00

            EMIN_VDW      1-6144
              1-6144  1.5172e+04

            EMIN_CRF      1-6144
              1-6144 -1.0034e+05

EMIN_Shift_extra_orig   All Zeros

EMIN_Shift_extra_phys   All Zeros

      EMIN_LS (real)   All Zeros

    EMIN_Self-energy  0.0000e+00

        EMIN_SPECIAL      1-6144
           EMIN_SASA  0.0000e+00
    EMIN_SASA Volume  0.0000e+00
    EMIN_Constraints  0.0000e+00
    EMIN_Distanceres  0.0000e+00
    EMIN_Disfieldres  0.0000e+00
        EMIN_Angrest  0.0000e+00
        EMIN_Dihrest  0.0000e+00
        EMIN_Posrest  0.0000e+00
          EMIN_Jrest  0.0000e+00
        EMIN_RDCrest  0.0000e+00
END
writing final configuration

============================================================
FINAL DATA
============================================================


	simulation time  :1.5100e-01
	simulation steps :       151

MINIMIZED ENERGY
<EMIN>_Total                :  -8.5172e+04
<EMIN>_Kinetic              :            0.0000e+00
<EMIN>_Potential+Special    :           -8.5172e+04
<EMIN>_Potential            :           -8.5172e+04
<EMIN>_Covalent             :                     0.0000e+00
<EMIN>_Bonds                :                              0.0000e+00
<EMIN>_Angles               :                              0.0000e+00
<EMIN>_Improper             :                              0.0000e+00
<EMIN>_Dihedral             :                              0.0000e+00
<EMIN>_Crossdihedral        :                              0.0000e+00
<EMIN>_Non-bonded           :                    -8.5172e+04
<EMIN>_Vdw                  :                              1.5172e+04
<EMIN>_El (RF)              :                             -1.0034e+05
<EMIN>_El (LS)              :                              0.0000e+00
<EMIN>_El (pair)            :                                       0.0000e+00
<EMIN>_El (real-space)      :                                                0.0000e+00
<EMIN>_El (k-space)         :                                                0.0000e+00
<EMIN>_El (A term)          :                                                0.0000e+00
<EMIN>_El (lattice sum self):                                       0.0000e+00
<EMIN>_El (surface term)    :                                       0.0000e+00
<EMIN>_Polarisation self    :                              0.0000e+00
<EMIN>_QM                   :                     0.0000e+00
<EMIN>_Special              :            0.0000e+00
<EMIN>_total_orig           :                    -8.5172e+04
<EMIN>_total_phys           :                    -8.5172e+04
<EMIN>_SASA                 :                     0.0000e+00
<EMIN>_SASA Volume          :                     0.0000e+00
<EMIN>_Constraints          :                     0.0000e+00
<EMIN>_Distanceres          :                     0.0000e+00
<EMIN>_Disfieldres          :                     0.0000e+00
<EMIN>_Angrest              :                     0.0000e+00
<EMIN>_Dihrest              :                     0.0000e+00
<EMIN>_Posrest              :                     0.0000e+00
<EMIN>_Jrest                :                     0.0000e+00
<EMIN>_X-ray restraints     :                     0.0000e+00
<EMIN>_Local elevation      :                     0.0000e+00
<EMIN>_Order-parameter rest.:                     0.0000e+00
<EMIN>_RDCrest              :                     0.0000e+00
<EMIN>_Symmetry restraints  :                     0.0000e+00
<EMIN>_EDS reference        :                     0.0000e+00
<EMIN>_GAMD total           :                     0.0000e+00
<EMIN>_Entropy              :                     0.0000e+00
<EMIN>_NN validation        :                     0.0000e+00
<EMIN>_NN validation Fmax   :                     0.0000e+00
<EMIN>_Collective variables :                     0.0000e+00

                 COV      1-6144
        <EMIN>_bonds  0.0000e+00
       <EMIN>_angles  0.0000e+00
    <EMIN>_impropers  0.0000e+00
    <EMIN>_dihedrals  0.0000e+00
<EMIN>_crossdihedrals  0.0000e+00

          <EMIN>_VDW      1-6144
              1-6144  1.5172e+04

          <EMIN>_CRF      1-6144
              1-6144 -1.0034e+05

<EMIN>_Shift_extra_orig   All Zeros

<EMIN>_Shift_extra_phys   All Zeros

    <EMIN>_LS (real)   All Zeros

  <EMIN>_Self-energy  0.0000e+00

      <EMIN>_SPECIAL      1-6144
         <EMIN>_SASA  0.0000e+00
  <EMIN>_SASA Volume  0.0000e+00
  <EMIN>_Constraints  0.0000e+00
  <EMIN>_Distanceres  0.0000e+00
  <EMIN>_Disfieldres  0.0000e+00
      <EMIN>_Angrest  0.0000e+00
      <EMIN>_Dihrest  0.0000e+00
      <EMIN>_Posrest  0.0000e+00
        <EMIN>_Jrest  0.0000e+00
      <EMIN>_RDCrest  0.0000e+00
END
ENERGY AVERAGES
<E>_Total                :  -8.2869e+04
<E>_Kinetic              :            0.0000e+00
<E>_Potential+Special    :           -8.2869e+04
<E>_Potential            :           -8.2869e+04
<E>_Covalent             :                     0.0000e+00
<E>_Bonds                :                              0.0000e+00
<E>_Angles               :                              0.0000e+00
<E>_Improper             :                              0.0000e+00
<E>_Dihedral             :                              0.0000e+00
<E>_Crossdihedral        :                              0.0000e+00
<E>_Non-bonded           :                    -8.2869e+04
<E>_Vdw                  :                              1.7322e+04
<E>_El (RF)              :                             -1.0019e+05
<E>_El (LS)              :                              0.0000e+00
<E>_El (pair)            :                                       0.0000e+00
<E>_El (real-space)      :                                                0.0000e+00
<E>_El (k-space)         :                                                0.0000e+00
<E>_El (A term)          :                                                0.0000e+00
<E>_El (lattice sum self):                                       0.0000e+00
<E>_El (surface term)    :                                       0.0000e+00
<E>_Polarisation self    :                              0.0000e+00
<E>_QM                   :                     0.0000e+00
<E>_Special              :            0.0000e+00
<E>_total_orig           :                    -8.2869e+04
<E>_total_phys           :                    -8.2869e+04
<E>_SASA                 :                     0.0000e+00
<E>_SASA Volume          :                     0.0000e+00
<E>_Constraints          :                     0.0000e+00
<E>_Distanceres          :                     0.0000e+00
<E>_Disfieldres          :                     0.0000e+00
<E>_Angrest              :                     0.0000e+00
<E>_Dihrest              :                     0.0000e+00
<E>_Posrest              :                     0.0000e+00
<E>_Jrest                :                     0.0000e+00
<E>_X-ray restraints     :                     0.0000e+00
<E>_Local elevation      :                     0.0000e+00
<E>_Order-parameter rest.:                     0.0000e+00
<E>_RDCrest              :                     0.0000e+00
<E>_Symmetry restraints  :                     0.0000e+00
<E>_EDS reference        :                     0.0000e+00
<E>_GAMD total           :                     0.0000e+00
<E>_Entropy              :                     0.0000e+00
<E>_NN validation        :                     0.0000e+00
<E>_NN validation Fmax   :                     0.0000e+00
<E>_Collective variables :                     0.0000e+00

                 COV      1-6144
           <E>_bonds  0.0000e+00
          <E>_angles  0.0000e+00
       <E>_impropers  0.0000e+00
       <E>_dihedrals  0.0000e+00
  <E>_crossdihedrals  0.0000e+00

             <E>_VDW      1-6144
              1-6144  1.7322e+04

             <E>_CRF      1-6144
              1-6144 -1.0019e+05

<E>_Shift_extra_orig   All Zeros

<E>_Shift_extra_phys   All Zeros

       <E>_LS (real)   All Zeros

     <E>_Self-energy  0.0000e+00

         <E>_SPECIAL      1-6144
            <E>_SASA  0.0000e+00
     <E>_SASA Volume  0.0000e+00
     <E>_Constraints  0.0000e+00
     <E>_Distanceres  0.0000e+00
     <E>_Disfieldres  0.0000e+00
         <E>_Angrest  0.0000e+00
         <E>_Dihrest  0.0000e+00
         <E>_Posrest  0.0000e+00
           <E>_Jrest  0.0000e+00
         <E>_RDCrest  0.0000e+00
END
ENERGY FLUCTUATIONS
<<E>>_Total                :   2.2499e+03
<<E>>_Kinetic              :            0.0000e+00
<<E>>_Potential+Special    :            2.2499e+03
<<E>>_Potential            :            2.2499e+03
<<E>>_Covalent             :                     0.0000e+00
<<E>>_Bonds                :                              0.0000e+00
<<E>>_Angles               :                              0.0000e+00
<<E>>_Improper             :                              0.0000e+00
<<E>>_Dihedral             :                              0.0000e+00
<<E>>_Crossdihedral        :                              0.0000e+00
<<E>>_Non-bonded           :                     2.2499e+03
<<E>>_Vdw                  :                              1.7524e+03
<<E>>_El (RF)              :                              5.6613e+02
<<E>>_El (LS)              :                              0.0000e+00
<<E>>_El (pair)            :                                       0.0000e+00
<<E>>_El (real-space)      :                                                0.0000e+00
<<E>>_El (k-space)         :                                                0.0000e+00
<<E>>_El (A term)          :                                                0.0000e+00
<<E>>_El (lattice sum self):                                       0.0000e+00
<<E>>_El (surface term)    :                                       0.0000e+00
<<E>>_Polarisation self    :                              0.0000e+00
<<E>>_QM                   :                     0.0000e+00
<<E>>_Special              :            0.0000e+00
<<E>>_total_orig           :                     2.2499e+03
<<E>>_total_phys           :                     2.2499e+03
<<E>>_SASA                 :                     0.0000e+00
<<E>>_SASA Volume          :                     0.0000e+00
<<E>>_Constraints          :                     0.0000e+00
<<E>>_Distanceres          :                     0.0000e+00
<<E>>_Disfieldres          :                     0.0000e+00
<<E>>_Angrest              :                     0.0000e+00
<<E>>_Dihrest              :                     0.0000e+00
<<E>>_Posrest              :                     0.0000e+00
<<E>>_Jrest                :                     0.0000e+00
<<E>>_X-ray restraints     :                     0.0000e+00
<<E>>_Local elevation      :                     0.0000e+00
<<E>>_Order-parameter rest.:                     0.0000e+00
<<E>>_RDCrest              :                     0.0000e+00
<<E>>_Symmetry restraints  :                     0.0000e+00
<<E>>_EDS reference        :                     0.0000e+00
<<E>>_GAMD total           :                     0.0000e+00
<<E>>_Entropy              :                     0.0000e+00
<<E>>_NN validation        :                     0.0000e+00
<<E>>_NN validation Fmax   :                     0.0000e+00
<<E>>_Collective variables :                     0.0000e+00

                 COV      1-6144
         <<E>>_bonds  0.0000e+00
        <<E>>_angles  0.0000e+00
     <<E>>_impropers  0.0000e+00
     <<E>>_dihedrals  0.0000e+00
<<E>>_crossdihedrals  0.0000e+00

           <<E>>_VDW      1-6144
              1-6144  1.7524e+03

           <<E>>_CRF      1-6144
              1-6144  5.6613e+02

<<E>>_Shift_extra_orig   All Zeros

<<E>>_Shift_extra_phys   All Zeros

     <<E>>_LS (real)   All Zeros

   <<E>>_Self-energy  0.0000e+00

       <<E>>_SPECIAL      1-6144
          <<E>>_SASA  0.0000e+00
   <<E>>_SASA Volume  0.0000e+00
   <<E>>_Constraints  0.0000e+00
   <<E>>_Distanceres  0.0000e+00
   <<E>>_Disfieldres  0.0000e+00
       <<E>>_Angrest  0.0000e+00
       <<E>>_Dihrest  0.0000e+00
       <<E>>_Posrest  0.0000e+00
         <<E>>_Jrest  0.0000e+00
       <<E>>_RDCrest  0.0000e+00
END

MESSAGES FROM SIMULATION


TIMING
          Lattice_Shift_Tracker                  0.024
          QuarticBond                            0.000
          Angle                                  0.000
          ImproperDihedral                       0.000
          Dihedral                               0.000
          Crossdihedral                          0.000
          NonBonded                              3.952              100.00%
             - set data summation                          0.021      0.52%
             - longrange addition                          0.007      0.18%
             - RF excluded interaction                     0.004      0.09%
             - LJ exceptions                               0.005      0.12%
             - shortrange solute                           0.000      0.00%
             - longrange solvent-solvent                   0.003      0.08%
             - longrange solute                            0.000      0.00%
             - 1,4 interaction                             0.027      0.69%
             - shortrange solvent-solvent                  3.289     83.22%
             - pairlist                                    0.406     10.28%
             - unaccounted time                            0.190      4.81%
          Shake                                  0.307              100.00%
             - solvent                                     0.120     39.26%
             - unaccounted time                            0.186     60.74%
          TemperatureCalculation                 0.025
END

Wall time initialisation (s):       1.201
Wall time simulation (s):           4.386
-----------------------------------------
Wall time total (s):                5.587

Performance (ns/day):              19.701


Thu Aug 27 16:20:56 2026



MD++ finished successfully

