MD++
========
version    :     1.6.0
build date :     Mon Jul 13 16:53:48 AEST 2026

Debugging is disabled.

MPI code enabled
	running on 24 nodes.
	this is node 0.


Gruppe fuer Informatikgestuetzte Chemie
Professor W. F. van Gunsteren
ETH Swiss Federal Institute of Technology
Zurich, Switzerland

Bugreports to http://www.gromos.net

Running on gadi-cpu-clx-2544.gadi.nci.org.au (Linux 4.18.0-553.148.1.el8.nci.x86_64 #1 SMP Fri Jul 31 05:22:14 UTC 2026 x86_64).

MPI INFORMATION 
	Simulation ID 0
	Simulation Master Thread ID 0
	Simulation Total Num Threads 24
	Simulation All Thread IDS:  
		0	 1	 2	 3	 4	 5	 6	 7	 8	 9	 10	 11	 12	 13	 14	 15	 16	 17	 18	 19	 20	 21	 22	 23	 
END
INPUT
2048 SPCE water, md_05
benchmark protocol: dt 0.001 ps, cutoff 1.8 nm, EPSRF 61
END
TOPOLOGY
MAKE_TOP topology, using:
/home/atb/ATB/gromos_job_wrapper/src/gromos_job_wrapper/lib/54A7.mtb
/home/atb/ATB/gromos_job_wrapper/src/gromos_job_wrapper/lib/54A7.ifp
Force-field code: 54A7

	unknown topology type (atomistic / coarse-grained)
	using atomistic parameters
	SOLVENT
		atoms : 3
		constraints : 3
		adding 2048 solvents.
	END
	SOLUTE [sub]molecules: 0
	SOLUTE temperature groups: 0
	SOLUTE pressure groups: 0
END
FORCEFIELD
	quartic bond interaction
	bond angle (cosine) interaction
	improper dihedral interaction
	dihedral interaction
	crossdihedral interaction
	nonbonded force     van-der-Waals                 Coulomb-reaction-field        
	Pairlist Algorithm  Grid Pairlist Algorithm       
	boundary            rectangular                   
	virial              molecular                     
	cutoff              chargegroup                   
	shortrange cutoff      : 1.8
	longrange cutoff       : 1.8
	pairlist creation every 5 steps

	REACTION FIELD PARAMETERS
	reactionfield cutoff   : 1.8
	epsilon                : 1
	reactionfield epsilon  : 61
	kappa                  : 0
	perturbation        off                           
END
PRESSURE SCALING
      COUPLE       SCALE        COMP         TAU      VIRIAL
       scale         iso     0.00046     0.50000   molecular
     SEMIANISOTROPIC COUPLINGS(X, Y, Z)
     1 (ignored)     1 (ignored)     1 (ignored)
     REFERENCE PRESSURE
     0.06102     0.00000     0.00000
     0.00000     0.06102     0.00000
     0.00000     0.00000     0.06102
END
CONFIGURATION
	reading POSITION...

	generating initial velocities
		temperature         = 298.15000
		random number seed  = 770105
		random number generator: GSL random number generator (mt19937)
	reading LATTICESHIFTS...
	reading GENBOX...
	PBC            = rectangular
	total mass     = 36895.53920
	volume         = 61.42411
	density        = 600.66870
END

CENTRE OF MASS MOTION
	removing centre of mass motion every 1000 steps
	removing centre of mass translation

END
LATTICESHIFTS
    keeping track of lattice shifts.
    reading initial shifts from configuration.
END
	extended grid pairlist algorithm
		cells                     10        10        10
		extenced cells            20        20        20
		cell size             0.3946    0.3946    0.3946
		particles / cell        2.0480
		particles / layer     204.8000
		cells in mask              404
		pairs               2097152.0000
		pairs (grid)        1694498.8160
		pairs (cutoff)      834059.7693
		occupied                   973
		particle / occ cell     2.1048
	estimated pairlist size (per atom) : 3176
	using standard solvent loops (user request)
Molecular virial (calculated from atomic virial)
INTEGRATION
	Leap frog velocity
	Weak-Coupling temperature coupling
	Leap frog position
END
SHAKE
	solute	OFF
	solvent	ON (MPI parallel version)
		tolerance = 0.00001000
END
MULTIBATHCOUPLING
   LAST-ATOM    LAST-MOL    COM-BATH     IR-BATH
        6144        2048           1           1
END
DEGREES OF FREEDOM
      BATH   TEMP0     TAU       DOF   MOL-DOF    IR-DOF     SOLUC     SOLVC
         0  298.15    0.10  12282.00   6144.00   6144.00      0.00   6144.00
    --------------------------------------------------------------------------
     Total  298.15    0.10  12282.00   6144.00   6144.00      0.00   6144.00
END
INITIAL TEMPERATURES
      BATH         EKIN  EKIN-MOL-TR  EKIN-MOL-IR         T  T-MOL-TR  T-MOL-IR       SCALE
         0   2.2836e+04   7.6560e+03   1.5180e+04    447.25    299.74    594.32   0.0000000
    ---------------------------------------------------------------------------------------
     T_avg   2.2836e+04   7.6560e+03   1.5180e+04    447.25    299.74    594.32   0.0000000
END
TITLE
	MD++

	output file
END
  WARNING In_Topology : block ATOMTYPENAME unknown and not read in!
  WARNING In_Topology : block BOND unknown and not read in!
  WARNING In_Topology : block BONDANGLE unknown and not read in!
  WARNING In_Topology : block BONDANGLEH unknown and not read in!
  WARNING In_Topology : block BONDH unknown and not read in!
  WARNING In_Topology : block CROSSDIHEDRAL unknown and not read in!
  WARNING In_Topology : block CROSSDIHEDRALH unknown and not read in!
  WARNING In_Topology : block DIHEDRAL unknown and not read in!
  WARNING In_Topology : block DIHEDRALH unknown and not read in!
  WARNING In_Topology : block IMPDIHEDRAL unknown and not read in!
  WARNING In_Topology : block IMPDIHEDRALH unknown and not read in!
  WARNING In_Topology : block LJEXCEPTIONS unknown and not read in!
  WARNING In_Topology : block PRESSUREGROUPS unknown and not read in!
  WARNING In_Topology : block RESNAME unknown and not read in!
  WARNING In_Topology : block SOLUTEATOM unknown and not read in!
  WARNING In_Topology : block SOLUTEMOLECULES unknown and not read in!
  WARNING In_Topology : block TEMPERATUREGROUPS unknown and not read in!
  WARNING in_configuration : You are generating new velocities even though there is already a VELOCITY block.
   NOTICE read input : parameter read from /scratch/m72/mzs564/gromos_runs/ssd1_nas_md/water_benchmarking/spce/gromos/md_05.imd
        ,------------------------------------------------.
        | 2048 SPCE water, md_05
        | benchmark protocol: dt 0.001 ps, cutoff 1.8 nm, EPSRF 61
        `------------------------------------------------'
   NOTICE In_Topology::bondtype : Reading bond types from BONDSTRETCHTYPE block
   NOTICE In_Topology::angletype : Reading angle types from BONDANGLEBENDTYPE block
   NOTICE In_Topology::dihedraltype : Reading angle types from TORSDIHEDRALTYPE block
   NOTICE read input : topology read from /scratch/m72/mzs564/gromos_runs/ssd1_nas_md/water_benchmarking/spce/gromos/spce.top
        ,------------------------------------------------.
        | MAKE_TOP topology, using:
        | /home/atb/ATB/gromos_job_wrapper/src/gromos_job_wrapper/lib/54A7.mtb
        | /home/atb/ATB/gromos_job_wrapper/src/gromos_job_wrapper/lib/54A7.ifp
        | Force-field code: 54A7
        `------------------------------------------------'
   NOTICE read input : configuration read from /scratch/m72/mzs564/gromos_runs/ssd1_nas_md/water_benchmarking/spce/gromos/eq3.cnf
        ,------------------------------------------------.
        | 	MD++
        | 2048 SPCE water, eq3
        | benchmark protocol: dt 0.001 ps, cutoff 1.8 nm, EPSRF 61
        | 	final configuration
        `------------------------------------------------'

enter the next level of molecular dynamics simulations

==================================================
 MAIN MD LOOP
==================================================


--------------------------------------------------------------------------------
TIMESTEP
              0    0.000000000
END
ENERGIES
E_Total                :  -7.6754e+04
E_Kinetic              :            1.9167e+04
E_Potential+Special    :           -9.5921e+04
E_Potential            :           -9.5921e+04
E_Covalent             :                     0.0000e+00
E_Bonds                :                              0.0000e+00
E_Angles               :                              0.0000e+00
E_Improper             :                              0.0000e+00
E_Dihedral             :                              0.0000e+00
E_Crossdihedral        :                              0.0000e+00
E_Non-bonded           :                    -9.5921e+04
E_Vdw                  :                              1.8703e+04
E_El (RF)              :                             -1.1462e+05
E_El (LS)              :                              0.0000e+00
E_El (pair)            :                                       0.0000e+00
E_El (real-space)      :                                                0.0000e+00
E_El (k-space)         :                                                0.0000e+00
E_El (A term)          :                                                0.0000e+00
E_El (lattice sum self):                                       0.0000e+00
E_El (surface term)    :                                       0.0000e+00
E_Polarisation self    :                              0.0000e+00
E_QM                   :                     0.0000e+00
E_Special              :            0.0000e+00
E_total_orig           :                    -7.6754e+04
E_total_phys           :                    -7.6754e+04
E_SASA                 :                     0.0000e+00
E_SASA Volume          :                     0.0000e+00
E_Constraints          :                     0.0000e+00
E_Distanceres          :                     0.0000e+00
E_Disfieldres          :                     0.0000e+00
E_Angrest              :                     0.0000e+00
E_Dihrest              :                     0.0000e+00
E_Posrest              :                     0.0000e+00
E_Jrest                :                     0.0000e+00
E_X-ray restraints     :                     0.0000e+00
E_Local elevation      :                     0.0000e+00
E_Order-parameter rest.:                     0.0000e+00
E_RDCrest              :                     0.0000e+00
E_Symmetry restraints  :                     0.0000e+00
E_EDS reference        :                     0.0000e+00
E_GAMD total           :                     0.0000e+00
E_Entropy              :                     0.0000e+00
E_NN validation        :                     0.0000e+00
E_NN validation Fmax   :                     0.0000e+00
E_Collective variables :                     0.0000e+00

                 COV      1-6144
             E_bonds  0.0000e+00
            E_angles  0.0000e+00
         E_impropers  0.0000e+00
         E_dihedrals  0.0000e+00
    E_crossdihedrals  0.0000e+00

               E_VDW      1-6144
              1-6144  1.8703e+04

               E_CRF      1-6144
              1-6144 -1.1462e+05

  E_Shift_extra_orig   All Zeros

  E_Shift_extra_phys   All Zeros

         E_LS (real)   All Zeros

       E_Self-energy  0.0000e+00

           E_SPECIAL      1-6144
              E_SASA  0.0000e+00
       E_SASA Volume  0.0000e+00
       E_Constraints  0.0000e+00
       E_Distanceres  0.0000e+00
       E_Disfieldres  0.0000e+00
           E_Angrest  0.0000e+00
           E_Dihrest  0.0000e+00
           E_Posrest  0.0000e+00
             E_Jrest  0.0000e+00
           E_RDCrest  0.0000e+00
END
TEMPERATURES
      BATH         EKIN  EKIN-MOL-TR  EKIN-MOL-IR         T  T-MOL-TR  T-MOL-IR       SCALE
         0   1.9167e+04   7.6499e+03   1.1517e+04    375.40    299.51    450.92   0.9983318
    ---------------------------------------------------------------------------------------
     T_avg   1.9167e+04   7.6499e+03   1.1517e+04    375.40    299.51    450.92   0.9983318
END
PRESSURE
	molecular kinetic energy:
	    2.57411e+03   -2.06910e+01    1.22929e+02
	   -2.06910e+01    2.53800e+03    1.58829e+01
	    1.22929e+02    1.58829e+01    2.54392e+03
	
	virial
	    2.44757e+03    3.03456e+02    4.46327e+02
	    4.87151e+02    1.05523e+03   -7.19564e+02
	    4.73303e+02   -1.10707e+03    2.51284e+03
	
	pressure tensor
	    4.12020e+00   -1.05544e+01   -1.05300e+01
	   -1.65356e+01    4.82797e+01    2.39465e+01
	   -1.14084e+01    3.65640e+01    1.01176e+00
	
	pressure:     1.78039e+01
	volume:       6.14241e+01

END

--------------------------------------------------------------------------------

[audit] 9998 intermediate energy blocks removed (111 lines each); the first and last are kept.  The full series is in the .tre/.edr beside this record.

TIMESTEP
         999900  999.900000000
END
ENERGIES
E_Total                :  -8.0353e+04
E_Kinetic              :            1.5238e+04
E_Potential+Special    :           -9.5591e+04
E_Potential            :           -9.5591e+04
E_Covalent             :                     0.0000e+00
E_Bonds                :                              0.0000e+00
E_Angles               :                              0.0000e+00
E_Improper             :                              0.0000e+00
E_Dihedral             :                              0.0000e+00
E_Crossdihedral        :                              0.0000e+00
E_Non-bonded           :                    -9.5591e+04
E_Vdw                  :                              1.8322e+04
E_El (RF)              :                             -1.1391e+05
E_El (LS)              :                              0.0000e+00
E_El (pair)            :                                       0.0000e+00
E_El (real-space)      :                                                0.0000e+00
E_El (k-space)         :                                                0.0000e+00
E_El (A term)          :                                                0.0000e+00
E_El (lattice sum self):                                       0.0000e+00
E_El (surface term)    :                                       0.0000e+00
E_Polarisation self    :                              0.0000e+00
E_QM                   :                     0.0000e+00
E_Special              :            0.0000e+00
E_total_orig           :                    -8.0353e+04
E_total_phys           :                    -8.0353e+04
E_SASA                 :                     0.0000e+00
E_SASA Volume          :                     0.0000e+00
E_Constraints          :                     0.0000e+00
E_Distanceres          :                     0.0000e+00
E_Disfieldres          :                     0.0000e+00
E_Angrest              :                     0.0000e+00
E_Dihrest              :                     0.0000e+00
E_Posrest              :                     0.0000e+00
E_Jrest                :                     0.0000e+00
E_X-ray restraints     :                     0.0000e+00
E_Local elevation      :                     0.0000e+00
E_Order-parameter rest.:                     0.0000e+00
E_RDCrest              :                     0.0000e+00
E_Symmetry restraints  :                     0.0000e+00
E_EDS reference        :                     0.0000e+00
E_GAMD total           :                     0.0000e+00
E_Entropy              :                     0.0000e+00
E_NN validation        :                     0.0000e+00
E_NN validation Fmax   :                     0.0000e+00
E_Collective variables :                     0.0000e+00

                 COV      1-6144
             E_bonds  0.0000e+00
            E_angles  0.0000e+00
         E_impropers  0.0000e+00
         E_dihedrals  0.0000e+00
    E_crossdihedrals  0.0000e+00

               E_VDW      1-6144
              1-6144  1.8322e+04

               E_CRF      1-6144
              1-6144 -1.1391e+05

  E_Shift_extra_orig   All Zeros

  E_Shift_extra_phys   All Zeros

         E_LS (real)   All Zeros

       E_Self-energy  0.0000e+00

           E_SPECIAL      1-6144
              E_SASA  0.0000e+00
       E_SASA Volume  0.0000e+00
       E_Constraints  0.0000e+00
       E_Distanceres  0.0000e+00
       E_Disfieldres  0.0000e+00
           E_Angrest  0.0000e+00
           E_Dihrest  0.0000e+00
           E_Posrest  0.0000e+00
             E_Jrest  0.0000e+00
           E_RDCrest  0.0000e+00
END
TEMPERATURES
      BATH         EKIN  EKIN-MOL-TR  EKIN-MOL-IR         T  T-MOL-TR  T-MOL-IR       SCALE
         0   1.5238e+04   7.4528e+03   7.7854e+03    298.44    291.79    304.81   0.9999904
    ---------------------------------------------------------------------------------------
     T_avg   1.5238e+04   7.4528e+03   7.7854e+03    298.44    291.79    304.81   0.9999904
END
PRESSURE
	molecular kinetic energy:
	    2.57261e+03   -1.17994e+01    6.15226e+00
	   -1.17994e+01    2.49404e+03    8.33611e+01
	    6.15226e+00    8.33611e+01    2.38917e+03
	
	virial
	    8.39610e+02    3.68121e+02   -4.78616e+02
	    6.49033e+02    3.25421e+03    3.11900e+02
	   -5.27443e+02   -4.38612e+02    2.05221e+03
	
	pressure tensor
	    5.67151e+01   -1.24335e+01    1.58648e+01
	   -2.16268e+01   -2.48778e+01   -7.47930e+00
	    1.74627e+01    1.70824e+01    1.10276e+01
	
	pressure:     1.42883e+01
	volume:       6.11124e+01

END
MD:        100MD:        100% done...
MD: spent 4:29:53
          Crossdihedral                          0.784
          NonBonded                          14754.710              100.00%
             - set data summation                         19.641      0.13%
             - longrange addition                         13.266      0.09%
             - RF excluded interaction                     4.133      0.03%
             - LJ exceptions                               0.488      0.00%
             - shortrange solute                           0.259      0.00%
             - longrange solvent-solvent                  11.464      0.08%
             - longrange solute                            0.049      0.00%
             - 1,4 interaction                             0.829      0.01%
             - shortrange solvent-solvent               2125.694     14.41%
             - pairlist                                  310.517      2.10%
             - pairlist prepare                          137.855      0.93%
             - unaccounted time                        12130.515     82.21%
          MolecularVirial                      169.743
          Leap_Frog_Velocity                    17.076
          BerendsenThermostat                    6.089
          Leap_Frog_Position                    16.291
          Shake                                880.998              100.00%
             - solvent                                   158.485     17.99%
             - unaccounted time                          722.512     82.01%
          TemperatureCalculation                87.868
          PressureCalculation                    0.273
          BerendsenBarostat                      7.150
END

Wall time initialisation (s):       2.754
Wall time simulation (s):       16190.926
-----------------------------------------
Wall time total (s):            16193.680

Performance (ns/day):               5.336


Thu Aug 27 22:19:39 2026



MD++ finished successfully

