[gadi_md] staging 3 input file(s) to gadi:/scratch/m72/mzs564/gromos_runs
[gadi_md] submitting w_spc_eq2 to gadi (normal, 8 ranks, 20000 steps, walltime 00:30:00)
[gadi_md] job id 177608485.gadi-pbs
MD++
========
version    :     1.6.0
build date :     Mon Jul 13 16:53:48 AEST 2026

Debugging is disabled.

MPI code enabled
	running on 8 nodes.
	this is node 0.


Gruppe fuer Informatikgestuetzte Chemie
Professor W. F. van Gunsteren
ETH Swiss Federal Institute of Technology
Zurich, Switzerland

Bugreports to http://www.gromos.net

Running on gadi-cpu-clx-0609.gadi.nci.org.au (Linux 4.18.0-553.148.1.el8.nci.x86_64 #1 SMP Fri Jul 31 05:22:14 UTC 2026 x86_64).

MPI INFORMATION 
	Simulation ID 0
	Simulation Master Thread ID 0
	Simulation Total Num Threads 8
	Simulation All Thread IDS:  
		0	 1	 2	 3	 4	 5	 6	 7	 
END
INPUT
2048 SPC water, eq2
benchmark protocol: dt 0.001 ps, cutoff 1.8 nm, EPSRF 61
END
TOPOLOGY
MAKE_TOP topology, using:
/home/atb/ATB/gromos_job_wrapper/src/gromos_job_wrapper/lib/54A7.mtb
/home/atb/ATB/gromos_job_wrapper/src/gromos_job_wrapper/lib/54A7.ifp
Force-field code: 54A7

	unknown topology type (atomistic / coarse-grained)
	using atomistic parameters
	SOLVENT
		atoms : 3
		constraints : 3
		adding 2048 solvents.
	END
	SOLUTE [sub]molecules: 0
	SOLUTE temperature groups: 0
	SOLUTE pressure groups: 0
END
FORCEFIELD
	quartic bond interaction
	bond angle (cosine) interaction
	improper dihedral interaction
	dihedral interaction
	crossdihedral interaction
	nonbonded force     van-der-Waals                 Coulomb-reaction-field        
	Pairlist Algorithm  Grid Pairlist Algorithm       
	boundary            rectangular                   
	virial              none                          
	cutoff              chargegroup                   
	shortrange cutoff      : 1.8
	longrange cutoff       : 1.8
	pairlist creation every 5 steps

	REACTION FIELD PARAMETERS
	reactionfield cutoff   : 1.8
	epsilon                : 1
	reactionfield epsilon  : 61
	kappa                  : 0
	perturbation        off                           
END
PRESSURE SCALING
      COUPLE       SCALE        COMP         TAU      VIRIAL
        none         off     0.00046     0.50000        none
     SEMIANISOTROPIC COUPLINGS(X, Y, Z)
     1 (ignored)     1 (ignored)     1 (ignored)
     REFERENCE PRESSURE
     0.06102     0.00000     0.00000
     0.00000     0.06102     0.00000
     0.00000     0.00000     0.06102
END
CONFIGURATION
	reading POSITION...
	reading VELOCITY...
	reading LATTICESHIFTS...
	reading GENBOX...
	PBC            = rectangular
	total mass     = 36895.53920
	volume         = 63.07053
	density        = 584.98858
END

CENTRE OF MASS MOTION
	removing centre of mass motion every 1000 steps
	removing centre of mass translation

END
LATTICESHIFTS
    keeping track of lattice shifts.
    reading initial shifts from configuration.
END
	extended grid pairlist algorithm
		cells                     10        10        10
		extenced cells            20        20        20
		cell size             0.3981    0.3981    0.3981
		particles / cell        2.0480
		particles / layer     204.8000
		cells in mask              404
		pairs               2097152.0000
		pairs (grid)        1694498.8160
		pairs (cutoff)      812287.1064
		occupied                   962
		particle / occ cell     2.1289
	estimated pairlist size (per atom) : 3093
	using standard solvent loops (user request)
INTEGRATION
	Leap frog velocity
	Weak-Coupling temperature coupling
	Leap frog position
END
SHAKE
	solute	OFF
	solvent	ON (MPI parallel version)
		tolerance = 0.00001000
END
MULTIBATHCOUPLING
   LAST-ATOM    LAST-MOL    COM-BATH     IR-BATH
        6144        2048           1           1
END
DEGREES OF FREEDOM
      BATH   TEMP0     TAU       DOF   MOL-DOF    IR-DOF     SOLUC     SOLVC
         0  298.15    0.10  12282.00   6144.00   6144.00      0.00   6144.00
    --------------------------------------------------------------------------
     Total  298.15    0.10  12282.00   6144.00   6144.00      0.00   6144.00
END
INITIAL TEMPERATURES
      BATH         EKIN  EKIN-MOL-TR  EKIN-MOL-IR         T  T-MOL-TR  T-MOL-IR       SCALE
         0   2.5532e+03   1.4556e+03   1.0975e+03     50.00     56.99     42.97   0.0000000
    ---------------------------------------------------------------------------------------
     T_avg   2.5532e+03   1.4556e+03   1.0975e+03     50.00     56.99     42.97   0.0000000
END
TITLE
	MD++

	output file
END
  WARNING In_Topology : block ATOMTYPENAME unknown and not read in!
  WARNING In_Topology : block BOND unknown and not read in!
  WARNING In_Topology : block BONDANGLE unknown and not read in!
  WARNING In_Topology : block BONDANGLEH unknown and not read in!
  WARNING In_Topology : block BONDH unknown and not read in!
  WARNING In_Topology : block CROSSDIHEDRAL unknown and not read in!
  WARNING In_Topology : block CROSSDIHEDRALH unknown and not read in!
  WARNING In_Topology : block DIHEDRAL unknown and not read in!
  WARNING In_Topology : block DIHEDRALH unknown and not read in!
  WARNING In_Topology : block IMPDIHEDRAL unknown and not read in!
  WARNING In_Topology : block IMPDIHEDRALH unknown and not read in!
  WARNING In_Topology : block LJEXCEPTIONS unknown and not read in!
  WARNING In_Topology : block PRESSUREGROUPS unknown and not read in!
  WARNING In_Topology : block RESNAME unknown and not read in!
  WARNING In_Topology : block SOLUTEATOM unknown and not read in!
  WARNING In_Topology : block SOLUTEMOLECULES unknown and not read in!
  WARNING In_Topology : block TEMPERATUREGROUPS unknown and not read in!
   NOTICE read input : parameter read from /scratch/m72/mzs564/gromos_runs/ssd1_nas_md/water_benchmarking/spc/gromos/eq2.imd
        ,------------------------------------------------.
        | 2048 SPC water, eq2
        | benchmark protocol: dt 0.001 ps, cutoff 1.8 nm, EPSRF 61
        `------------------------------------------------'
   NOTICE In_Topology::bondtype : Reading bond types from BONDSTRETCHTYPE block
   NOTICE In_Topology::angletype : Reading angle types from BONDANGLEBENDTYPE block
   NOTICE In_Topology::dihedraltype : Reading angle types from TORSDIHEDRALTYPE block
   NOTICE read input : topology read from /scratch/m72/mzs564/gromos_runs/ssd1_nas_md/water_benchmarking/spc/gromos/spc.top
        ,------------------------------------------------.
        | MAKE_TOP topology, using:
        | /home/atb/ATB/gromos_job_wrapper/src/gromos_job_wrapper/lib/54A7.mtb
        | /home/atb/ATB/gromos_job_wrapper/src/gromos_job_wrapper/lib/54A7.ifp
        | Force-field code: 54A7
        `------------------------------------------------'
   NOTICE read input : configuration read from /scratch/m72/mzs564/gromos_runs/ssd1_nas_md/water_benchmarking/spc/gromos/eq1.cnf
        ,------------------------------------------------.
        | 	MD++
        | 2048 SPC water, eq1
        | benchmark protocol: dt 0.001 ps, cutoff 1.8 nm, EPSRF 61
        | 	final configuration
        `------------------------------------------------'

enter the next level of molecular dynamics simulations

==================================================
 MAIN MD LOOP
==================================================


--------------------------------------------------------------------------------
TIMESTEP
              0    0.000000000
END
ENERGIES
E_Total                :  -1.0233e+05
E_Kinetic              :            2.6158e+03
E_Potential+Special    :           -1.0494e+05
E_Potential            :           -1.0494e+05
E_Covalent             :                     0.0000e+00
E_Bonds                :                              0.0000e+00
E_Angles               :                              0.0000e+00
E_Improper             :                              0.0000e+00
E_Dihedral             :                              0.0000e+00
E_Crossdihedral        :                              0.0000e+00
E_Non-bonded           :                    -1.0494e+05
E_Vdw                  :                              2.1560e+04
E_El (RF)              :                             -1.2650e+05
E_El (LS)              :                              0.0000e+00
E_El (pair)            :                                       0.0000e+00
E_El (real-space)      :                                                0.0000e+00
E_El (k-space)         :                                                0.0000e+00
E_El (A term)          :                                                0.0000e+00
E_El (lattice sum self):                                       0.0000e+00
E_El (surface term)    :                                       0.0000e+00
E_Polarisation self    :                              0.0000e+00
E_QM                   :                     0.0000e+00
E_Special              :            0.0000e+00
E_total_orig           :                    -1.0233e+05
E_total_phys           :                    -1.0233e+05
E_SASA                 :                     0.0000e+00
E_SASA Volume          :                     0.0000e+00
E_Constraints          :                     0.0000e+00
E_Distanceres          :                     0.0000e+00
E_Disfieldres          :                     0.0000e+00
E_Angrest              :                     0.0000e+00
E_Dihrest              :                     0.0000e+00
E_Posrest              :                     0.0000e+00
E_Jrest                :                     0.0000e+00
E_X-ray restraints     :                     0.0000e+00
E_Local elevation      :                     0.0000e+00
E_Order-parameter rest.:                     0.0000e+00
E_RDCrest              :                     0.0000e+00
E_Symmetry restraints  :                     0.0000e+00
E_EDS reference        :                     0.0000e+00
E_GAMD total           :                     0.0000e+00
E_Entropy              :                     0.0000e+00
E_NN validation        :                     0.0000e+00
E_NN validation Fmax   :                     0.0000e+00
E_Collective variables :                     0.0000e+00

                 COV      1-6144
             E_bonds  0.0000e+00
            E_angles  0.0000e+00
         E_impropers  0.0000e+00
         E_dihedrals  0.0000e+00
    E_crossdihedrals  0.0000e+00

               E_VDW      1-6144
              1-6144  2.1560e+04

               E_CRF      1-6144
              1-6144 -1.2650e+05

  E_Shift_extra_orig   All Zeros

  E_Shift_extra_phys   All Zeros

         E_LS (real)   All Zeros

       E_Self-energy  0.0000e+00

           E_SPECIAL      1-6144
              E_SASA  0.0000e+00
       E_SASA Volume  0.0000e+00
       E_Constraints  0.0000e+00
       E_Distanceres  0.0000e+00
       E_Disfieldres  0.0000e+00
           E_Angrest  0.0000e+00
           E_Dihrest  0.0000e+00
           E_Posrest  0.0000e+00
             E_Jrest  0.0000e+00
           E_RDCrest  0.0000e+00
END
TEMPERATURES
      BATH         EKIN  EKIN-MOL-TR  EKIN-MOL-IR         T  T-MOL-TR  T-MOL-IR       SCALE
         0   2.6158e+03   1.4901e+03   1.1257e+03     51.23     58.34     44.07   1.0245121
    ---------------------------------------------------------------------------------------
     T_avg   2.6158e+03   1.4901e+03   1.1257e+03     51.23     58.34     44.07   1.0245121
END

--------------------------------------------------------------------------------

[audit] 18 energy blocks elided (eq2.log: printed every 100 steps; kept the first and the last)

TIMESTEP
          19000   19.000000000
END
ENERGIES
E_Total                :  -7.0038e+04
E_Kinetic              :            1.5162e+04
E_Potential+Special    :           -8.5200e+04
E_Potential            :           -8.5200e+04
E_Covalent             :                     0.0000e+00
E_Bonds                :                              0.0000e+00
E_Angles               :                              0.0000e+00
E_Improper             :                              0.0000e+00
E_Dihedral             :                              0.0000e+00
E_Crossdihedral        :                              0.0000e+00
E_Non-bonded           :                    -8.5200e+04
E_Vdw                  :                              1.4650e+04
E_El (RF)              :                             -9.9849e+04
E_El (LS)              :                              0.0000e+00
E_El (pair)            :                                       0.0000e+00
E_El (real-space)      :                                                0.0000e+00
E_El (k-space)         :                                                0.0000e+00
E_El (A term)          :                                                0.0000e+00
E_El (lattice sum self):                                       0.0000e+00
E_El (surface term)    :                                       0.0000e+00
E_Polarisation self    :                              0.0000e+00
E_QM                   :                     0.0000e+00
E_Special              :            0.0000e+00
E_total_orig           :                    -7.0038e+04
E_total_phys           :                    -7.0038e+04
E_SASA                 :                     0.0000e+00
E_SASA Volume          :                     0.0000e+00
E_Constraints          :                     0.0000e+00
E_Distanceres          :                     0.0000e+00
E_Disfieldres          :                     0.0000e+00
E_Angrest              :                     0.0000e+00
E_Dihrest              :                     0.0000e+00
E_Posrest              :                     0.0000e+00
E_Jrest                :                     0.0000e+00
E_X-ray restraints     :                     0.0000e+00
E_Local elevation      :                     0.0000e+00
E_Order-parameter rest.:                     0.0000e+00
E_RDCrest              :                     0.0000e+00
E_Symmetry restraints  :                     0.0000e+00
E_EDS reference        :                     0.0000e+00
E_GAMD total           :                     0.0000e+00
E_Entropy              :                     0.0000e+00
E_NN validation        :                     0.0000e+00
E_NN validation Fmax   :                     0.0000e+00
E_Collective variables :                     0.0000e+00

                 COV      1-6144
             E_bonds  0.0000e+00
            E_angles  0.0000e+00
         E_impropers  0.0000e+00
         E_dihedrals  0.0000e+00
    E_crossdihedrals  0.0000e+00

               E_VDW      1-6144
              1-6144  1.4650e+04

               E_CRF      1-6144
              1-6144 -9.9849e+04

  E_Shift_extra_orig   All Zeros

  E_Shift_extra_phys   All Zeros

         E_LS (real)   All Zeros

       E_Self-energy  0.0000e+00

           E_SPECIAL      1-6144
              E_SASA  0.0000e+00
       E_SASA Volume  0.0000e+00
       E_Constraints  0.0000e+00
       E_Distanceres  0.0000e+00
       E_Disfieldres  0.0000e+00
           E_Angrest  0.0000e+00
           E_Dihrest  0.0000e+00
           E_Posrest  0.0000e+00
             E_Jrest  0.0000e+00
           E_RDCrest  0.0000e+00
END
TEMPERATURES
      BATH         EKIN  EKIN-MOL-TR  EKIN-MOL-IR         T  T-MOL-TR  T-MOL-IR       SCALE
         0   1.5162e+04   7.6018e+03   7.5598e+03    296.94    297.62    295.98   1.0000249
    ---------------------------------------------------------------------------------------
     T_avg   1.5162e+04   7.6018e+03   7.5598e+03    296.94    297.62    295.98   1.0000249
END
MD:        100% done...
MD:        100% done...
MD: spent 0:7:0
MD: ETA   0:0:0
MD: spent 0:7:0
MD: ETA   0:0:0
writing final configuration

============================================================
FINAL DATA
============================================================


	simulation time  :20.0000000
	simulation steps :     20000

ENERGY AVERAGES
<E>_Total                :  -7.0622e+04
<E>_Kinetic              :            1.5068e+04
<E>_Potential+Special    :           -8.5690e+04
<E>_Potential            :           -8.5690e+04
<E>_Covalent             :                     0.0000e+00
<E>_Bonds                :                              0.0000e+00
<E>_Angles               :                              0.0000e+00
<E>_Improper             :                              0.0000e+00
<E>_Dihedral             :                              0.0000e+00
<E>_Crossdihedral        :                              0.0000e+00
<E>_Non-bonded           :                    -8.5690e+04
<E>_Vdw                  :                              1.4608e+04
<E>_El (RF)              :                             -1.0030e+05
<E>_El (LS)              :                              0.0000e+00
<E>_El (pair)            :                                       0.0000e+00
<E>_El (real-space)      :                                                0.0000e+00
<E>_El (k-space)         :                                                0.0000e+00
<E>_El (A term)          :                                                0.0000e+00
<E>_El (lattice sum self):                                       0.0000e+00
<E>_El (surface term)    :                                       0.0000e+00
<E>_Polarisation self    :                              0.0000e+00
<E>_QM                   :                     0.0000e+00
<E>_Special              :            0.0000e+00
<E>_total_orig           :                    -7.0622e+04
<E>_total_phys           :                    -7.0622e+04
<E>_SASA                 :                     0.0000e+00
<E>_SASA Volume          :                     0.0000e+00
<E>_Constraints          :                     0.0000e+00
<E>_Distanceres          :                     0.0000e+00
<E>_Disfieldres          :                     0.0000e+00
<E>_Angrest              :                     0.0000e+00
<E>_Dihrest              :                     0.0000e+00
<E>_Posrest              :                     0.0000e+00
<E>_Jrest                :                     0.0000e+00
<E>_X-ray restraints     :                     0.0000e+00
<E>_Local elevation      :                     0.0000e+00
<E>_Order-parameter rest.:                     0.0000e+00
<E>_RDCrest              :                     0.0000e+00
<E>_Symmetry restraints  :                     0.0000e+00
<E>_EDS reference        :                     0.0000e+00
<E>_GAMD total           :                     0.0000e+00
<E>_Entropy              :                     0.0000e+00
<E>_NN validation        :                     0.0000e+00
<E>_NN validation Fmax   :                     0.0000e+00
<E>_Collective variables :                     0.0000e+00

                 COV      1-6144
           <E>_bonds  0.0000e+00
          <E>_angles  0.0000e+00
       <E>_impropers  0.0000e+00
       <E>_dihedrals  0.0000e+00
  <E>_crossdihedrals  0.0000e+00

             <E>_VDW      1-6144
              1-6144  1.4608e+04

             <E>_CRF      1-6144
              1-6144 -1.0030e+05

<E>_Shift_extra_orig   All Zeros

<E>_Shift_extra_phys   All Zeros

       <E>_LS (real)   All Zeros

     <E>_Self-energy  0.0000e+00

         <E>_SPECIAL      1-6144
            <E>_SASA  0.0000e+00
     <E>_SASA Volume  0.0000e+00
     <E>_Constraints  0.0000e+00
     <E>_Distanceres  0.0000e+00
     <E>_Disfieldres  0.0000e+00
         <E>_Angrest  0.0000e+00
         <E>_Dihrest  0.0000e+00
         <E>_Posrest  0.0000e+00
           <E>_Jrest  0.0000e+00
         <E>_RDCrest  0.0000e+00
END
ENERGY FLUCTUATIONS
<<E>>_Total                :   2.7424e+03
<<E>>_Kinetic              :            9.3865e+02
<<E>>_Potential+Special    :            1.8272e+03
<<E>>_Potential            :            1.8272e+03
<<E>>_Covalent             :                     0.0000e+00
<<E>>_Bonds                :                              0.0000e+00
<<E>>_Angles               :                              0.0000e+00
<<E>>_Improper             :                              0.0000e+00
<<E>>_Dihedral             :                              0.0000e+00
<<E>>_Crossdihedral        :                              0.0000e+00
<<E>>_Non-bonded           :                     1.8272e+03
<<E>>_Vdw                  :                              8.6356e+02
<<E>>_El (RF)              :                              2.6581e+03
<<E>>_El (LS)              :                              0.0000e+00
<<E>>_El (pair)            :                                       0.0000e+00
<<E>>_El (real-space)      :                                                0.0000e+00
<<E>>_El (k-space)         :                                                0.0000e+00
<<E>>_El (A term)          :                                                0.0000e+00
<<E>>_El (lattice sum self):                                       0.0000e+00
<<E>>_El (surface term)    :                                       0.0000e+00
<<E>>_Polarisation self    :                              0.0000e+00
<<E>>_QM                   :                     0.0000e+00
<<E>>_Special              :            0.0000e+00
<<E>>_total_orig           :                     2.7424e+03
<<E>>_total_phys           :                     2.7424e+03
<<E>>_SASA                 :                     0.0000e+00
<<E>>_SASA Volume          :                     0.0000e+00
<<E>>_Constraints          :                     0.0000e+00
<<E>>_Distanceres          :                     0.0000e+00
<<E>>_Disfieldres          :                     0.0000e+00
<<E>>_Angrest              :                     0.0000e+00
<<E>>_Dihrest              :                     0.0000e+00
<<E>>_Posrest              :                     0.0000e+00
<<E>>_Jrest                :                     0.0000e+00
<<E>>_X-ray restraints     :                     0.0000e+00
<<E>>_Local elevation      :                     0.0000e+00
<<E>>_Order-parameter rest.:                     0.0000e+00
<<E>>_RDCrest              :                     0.0000e+00
<<E>>_Symmetry restraints  :                     0.0000e+00
<<E>>_EDS reference        :                     0.0000e+00
<<E>>_GAMD total           :                     0.0000e+00
<<E>>_Entropy              :                     0.0000e+00
<<E>>_NN validation        :                     0.0000e+00
<<E>>_NN validation Fmax   :                     0.0000e+00
<<E>>_Collective variables :                     0.0000e+00

                 COV      1-6144
         <<E>>_bonds  0.0000e+00
        <<E>>_angles  0.0000e+00
     <<E>>_impropers  0.0000e+00
     <<E>>_dihedrals  0.0000e+00
<<E>>_crossdihedrals  0.0000e+00

           <<E>>_VDW      1-6144
              1-6144  8.6356e+02

           <<E>>_CRF      1-6144
              1-6144  2.6581e+03

<<E>>_Shift_extra_orig   All Zeros

<<E>>_Shift_extra_phys   All Zeros

     <<E>>_LS (real)   All Zeros

   <<E>>_Self-energy  0.0000e+00

       <<E>>_SPECIAL      1-6144
          <<E>>_SASA  0.0000e+00
   <<E>>_SASA Volume  0.0000e+00
   <<E>>_Constraints  0.0000e+00
   <<E>>_Distanceres  0.0000e+00
   <<E>>_Disfieldres  0.0000e+00
       <<E>>_Angrest  0.0000e+00
       <<E>>_Dihrest  0.0000e+00
       <<E>>_Posrest  0.0000e+00
         <<E>>_Jrest  0.0000e+00
       <<E>>_RDCrest  0.0000e+00
END
TEMPERATURE AVERAGES
      BATH         EKIN  EKIN-MOL-TR  EKIN-MOL-IR         T  T-MOL-TR  T-MOL-IR       SCALE
         0   1.5068e+04   7.5606e+03   7.5079e+03    295.12    296.01    293.94   0.9999552
    ---------------------------------------------------------------------------------------
     T_avg   1.5068e+04   7.5606e+03   7.5079e+03    295.12    296.01    293.94   0.9999552
END
TEMPERATURE FLUCTUATIONS
      BATH         EKIN  EKIN-MOL-TR  EKIN-MOL-IR         T  T-MOL-TR  T-MOL-IR       SCALE
         0   9.3865e+02   3.7387e+02   6.0087e+02     18.38     14.64     23.53   0.9999552
    ---------------------------------------------------------------------------------------
     T_avg   9.3865e+02   3.7387e+02   6.0087e+02     18.38     14.64     23.53   0.9999552
END

MESSAGES FROM SIMULATION


TIMING
          RemoveCOMMotion                        0.003
          Lattice_Shift_Tracker                  0.511
          QuarticBond                            0.006
          Angle                                  0.007
          ImproperDihedral                       0.008
          Dihedral                               0.008
          Crossdihedral                          0.009
          NonBonded                            402.611              100.00%
             - set data summation                          0.280      0.07%
             - longrange addition                          0.160      0.04%
             - RF excluded interaction                     0.145      0.04%
             - LJ exceptions                               0.011      0.00%
             - shortrange solute                           0.002      0.00%
             - longrange solvent-solvent                   0.176      0.04%
             - longrange solute                            0.001      0.00%
             - 1,4 interaction                             0.013      0.00%
             - shortrange solvent-solvent                262.994     65.32%
             - pairlist                                   27.615      6.86%
             - pairlist prepare                            1.731      0.43%
             - unaccounted time                          109.482     27.19%
          Leap_Frog_Velocity                     0.304
          BerendsenThermostat                    0.102
          Leap_Frog_Position                     0.270
          Shake                                 13.084              100.00%
             - solvent                                     6.516     49.80%
             - unaccounted time                            6.568     50.20%
          TemperatureCalculation                 1.705
END

Wall time initialisation (s):       0.837
Wall time simulation (s):         419.366
-----------------------------------------
Wall time total (s):              420.204

Performance (ns/day):               4.121


Thu Aug 27 16:37:53 2026



MD++ finished successfully

