MD++
========
version    :     1.6.0
build date :     Mon Jul 13 16:53:48 AEST 2026

Debugging is disabled.

MPI code enabled
	running on 24 nodes.
	this is node 0.


Gruppe fuer Informatikgestuetzte Chemie
Professor W. F. van Gunsteren
ETH Swiss Federal Institute of Technology
Zurich, Switzerland

Bugreports to http://www.gromos.net

Running on gadi-cpu-clx-0597.gadi.nci.org.au (Linux 4.18.0-553.148.1.el8.nci.x86_64 #1 SMP Fri Jul 31 05:22:14 UTC 2026 x86_64).

MPI INFORMATION 
	Simulation ID 0
	Simulation Master Thread ID 0
	Simulation Total Num Threads 24
	Simulation All Thread IDS:  
		0	 1	 2	 3	 4	 5	 6	 7	 8	 9	 10	 11	 12	 13	 14	 15	 16	 17	 18	 19	 20	 21	 22	 23	 
END
INPUT
2048 SPC water, md_05
benchmark protocol: dt 0.001 ps, cutoff 1.8 nm, EPSRF 61
END
TOPOLOGY
MAKE_TOP topology, using:
/home/atb/ATB/gromos_job_wrapper/src/gromos_job_wrapper/lib/54A7.mtb
/home/atb/ATB/gromos_job_wrapper/src/gromos_job_wrapper/lib/54A7.ifp
Force-field code: 54A7

	unknown topology type (atomistic / coarse-grained)
	using atomistic parameters
	SOLVENT
		atoms : 3
		constraints : 3
		adding 2048 solvents.
	END
	SOLUTE [sub]molecules: 0
	SOLUTE temperature groups: 0
	SOLUTE pressure groups: 0
END
FORCEFIELD
	quartic bond interaction
	bond angle (cosine) interaction
	improper dihedral interaction
	dihedral interaction
	crossdihedral interaction
	nonbonded force     van-der-Waals                 Coulomb-reaction-field        
	Pairlist Algorithm  Grid Pairlist Algorithm       
	boundary            rectangular                   
	virial              molecular                     
	cutoff              chargegroup                   
	shortrange cutoff      : 1.8
	longrange cutoff       : 1.8
	pairlist creation every 5 steps

	REACTION FIELD PARAMETERS
	reactionfield cutoff   : 1.8
	epsilon                : 1
	reactionfield epsilon  : 61
	kappa                  : 0
	perturbation        off                           
END
PRESSURE SCALING
      COUPLE       SCALE        COMP         TAU      VIRIAL
       scale         iso     0.00046     0.50000   molecular
     SEMIANISOTROPIC COUPLINGS(X, Y, Z)
     1 (ignored)     1 (ignored)     1 (ignored)
     REFERENCE PRESSURE
     0.06102     0.00000     0.00000
     0.00000     0.06102     0.00000
     0.00000     0.00000     0.06102
END
CONFIGURATION
	reading POSITION...

	generating initial velocities
		temperature         = 298.15000
		random number seed  = 770005
		random number generator: GSL random number generator (mt19937)
	reading LATTICESHIFTS...
	reading GENBOX...
	PBC            = rectangular
	total mass     = 36895.53920
	volume         = 62.65770
	density        = 588.84284
END

CENTRE OF MASS MOTION
	removing centre of mass motion every 1000 steps
	removing centre of mass translation

END
LATTICESHIFTS
    keeping track of lattice shifts.
    reading initial shifts from configuration.
END
	extended grid pairlist algorithm
		cells                     10        10        10
		extenced cells            20        20        20
		cell size             0.3972    0.3972    0.3972
		particles / cell        2.0480
		particles / layer     204.8000
		cells in mask              404
		pairs               2097152.0000
		pairs (grid)        1694498.8160
		pairs (cutoff)      817638.9423
		occupied                   977
		particle / occ cell     2.0962
	estimated pairlist size (per atom) : 3114
	using standard solvent loops (user request)
Molecular virial (calculated from atomic virial)
INTEGRATION
	Leap frog velocity
	Weak-Coupling temperature coupling
	Leap frog position
END
SHAKE
	solute	OFF
	solvent	ON (MPI parallel version)
		tolerance = 0.00001000
END
MULTIBATHCOUPLING
   LAST-ATOM    LAST-MOL    COM-BATH     IR-BATH
        6144        2048           1           1
END
DEGREES OF FREEDOM
      BATH   TEMP0     TAU       DOF   MOL-DOF    IR-DOF     SOLUC     SOLVC
         0  298.15    0.10  12282.00   6144.00   6144.00      0.00   6144.00
    --------------------------------------------------------------------------
     Total  298.15    0.10  12282.00   6144.00   6144.00      0.00   6144.00
END
INITIAL TEMPERATURES
      BATH         EKIN  EKIN-MOL-TR  EKIN-MOL-IR         T  T-MOL-TR  T-MOL-IR       SCALE
         0   2.2747e+04   7.4187e+03   1.5328e+04    445.50    290.45    600.11   0.0000000
    ---------------------------------------------------------------------------------------
     T_avg   2.2747e+04   7.4187e+03   1.5328e+04    445.50    290.45    600.11   0.0000000
END
TITLE
	MD++

	output file
END
  WARNING In_Topology : block ATOMTYPENAME unknown and not read in!
  WARNING In_Topology : block BOND unknown and not read in!
  WARNING In_Topology : block BONDANGLE unknown and not read in!
  WARNING In_Topology : block BONDANGLEH unknown and not read in!
  WARNING In_Topology : block BONDH unknown and not read in!
  WARNING In_Topology : block CROSSDIHEDRAL unknown and not read in!
  WARNING In_Topology : block CROSSDIHEDRALH unknown and not read in!
  WARNING In_Topology : block DIHEDRAL unknown and not read in!
  WARNING In_Topology : block DIHEDRALH unknown and not read in!
  WARNING In_Topology : block IMPDIHEDRAL unknown and not read in!
  WARNING In_Topology : block IMPDIHEDRALH unknown and not read in!
  WARNING In_Topology : block LJEXCEPTIONS unknown and not read in!
  WARNING In_Topology : block PRESSUREGROUPS unknown and not read in!
  WARNING In_Topology : block RESNAME unknown and not read in!
  WARNING In_Topology : block SOLUTEATOM unknown and not read in!
  WARNING In_Topology : block SOLUTEMOLECULES unknown and not read in!
  WARNING In_Topology : block TEMPERATUREGROUPS unknown and not read in!
  WARNING in_configuration : You are generating new velocities even though there is already a VELOCITY block.
   NOTICE read input : parameter read from /scratch/m72/mzs564/gromos_runs/ssd1_nas_md/water_benchmarking/spc/gromos/md_05.imd
        ,------------------------------------------------.
        | 2048 SPC water, md_05
        | benchmark protocol: dt 0.001 ps, cutoff 1.8 nm, EPSRF 61
        `------------------------------------------------'
   NOTICE In_Topology::bondtype : Reading bond types from BONDSTRETCHTYPE block
   NOTICE In_Topology::angletype : Reading angle types from BONDANGLEBENDTYPE block
   NOTICE In_Topology::dihedraltype : Reading angle types from TORSDIHEDRALTYPE block
   NOTICE read input : topology read from /scratch/m72/mzs564/gromos_runs/ssd1_nas_md/water_benchmarking/spc/gromos/spc.top
        ,------------------------------------------------.
        | MAKE_TOP topology, using:
        | /home/atb/ATB/gromos_job_wrapper/src/gromos_job_wrapper/lib/54A7.mtb
        | /home/atb/ATB/gromos_job_wrapper/src/gromos_job_wrapper/lib/54A7.ifp
        | Force-field code: 54A7
        `------------------------------------------------'
   NOTICE read input : configuration read from /scratch/m72/mzs564/gromos_runs/ssd1_nas_md/water_benchmarking/spc/gromos/eq3.cnf
        ,------------------------------------------------.
        | 	MD++
        | 2048 SPC water, eq3
        | benchmark protocol: dt 0.001 ps, cutoff 1.8 nm, EPSRF 61
        | 	final configuration
        `------------------------------------------------'

enter the next level of molecular dynamics simulations

==================================================
 MAIN MD LOOP
==================================================


--------------------------------------------------------------------------------
TIMESTEP
              0    0.000000000
END
ENERGIES
E_Total                :  -6.6327e+04
E_Kinetic              :            1.8909e+04
E_Potential+Special    :           -8.5236e+04
E_Potential            :           -8.5236e+04
E_Covalent             :                     0.0000e+00
E_Bonds                :                              0.0000e+00
E_Angles               :                              0.0000e+00
E_Improper             :                              0.0000e+00
E_Dihedral             :                              0.0000e+00
E_Crossdihedral        :                              0.0000e+00
E_Non-bonded           :                    -8.5236e+04
E_Vdw                  :                              1.4094e+04
E_El (RF)              :                             -9.9330e+04
E_El (LS)              :                              0.0000e+00
E_El (pair)            :                                       0.0000e+00
E_El (real-space)      :                                                0.0000e+00
E_El (k-space)         :                                                0.0000e+00
E_El (A term)          :                                                0.0000e+00
E_El (lattice sum self):                                       0.0000e+00
E_El (surface term)    :                                       0.0000e+00
E_Polarisation self    :                              0.0000e+00
E_QM                   :                     0.0000e+00
E_Special              :            0.0000e+00
E_total_orig           :                    -6.6327e+04
E_total_phys           :                    -6.6327e+04
E_SASA                 :                     0.0000e+00
E_SASA Volume          :                     0.0000e+00
E_Constraints          :                     0.0000e+00
E_Distanceres          :                     0.0000e+00
E_Disfieldres          :                     0.0000e+00
E_Angrest              :                     0.0000e+00
E_Dihrest              :                     0.0000e+00
E_Posrest              :                     0.0000e+00
E_Jrest                :                     0.0000e+00
E_X-ray restraints     :                     0.0000e+00
E_Local elevation      :                     0.0000e+00
E_Order-parameter rest.:                     0.0000e+00
E_RDCrest              :                     0.0000e+00
E_Symmetry restraints  :                     0.0000e+00
E_EDS reference        :                     0.0000e+00
E_GAMD total           :                     0.0000e+00
E_Entropy              :                     0.0000e+00
E_NN validation        :                     0.0000e+00
E_NN validation Fmax   :                     0.0000e+00
E_Collective variables :                     0.0000e+00

                 COV      1-6144
             E_bonds  0.0000e+00
            E_angles  0.0000e+00
         E_impropers  0.0000e+00
         E_dihedrals  0.0000e+00
    E_crossdihedrals  0.0000e+00

               E_VDW      1-6144
              1-6144  1.4094e+04

               E_CRF      1-6144
              1-6144 -9.9330e+04

  E_Shift_extra_orig   All Zeros

  E_Shift_extra_phys   All Zeros

         E_LS (real)   All Zeros

       E_Self-energy  0.0000e+00

           E_SPECIAL      1-6144
              E_SASA  0.0000e+00
       E_SASA Volume  0.0000e+00
       E_Constraints  0.0000e+00
       E_Distanceres  0.0000e+00
       E_Disfieldres  0.0000e+00
           E_Angrest  0.0000e+00
           E_Dihrest  0.0000e+00
           E_Posrest  0.0000e+00
             E_Jrest  0.0000e+00
           E_RDCrest  0.0000e+00
END
TEMPERATURES
      BATH         EKIN  EKIN-MOL-TR  EKIN-MOL-IR         T  T-MOL-TR  T-MOL-IR       SCALE
         0   1.8909e+04   7.4095e+03   1.1500e+04    370.34    290.09    450.23   0.9983449
    ---------------------------------------------------------------------------------------
     T_avg   1.8909e+04   7.4095e+03   1.1500e+04    370.34    290.09    450.23   0.9983449
END
PRESSURE
	molecular kinetic energy:
	    2.40534e+03   -7.28229e+00    2.98647e+01
	   -7.28229e+00    2.51758e+03    1.90898e+01
	    2.98647e+01    1.90898e+01    2.49575e+03
	
	virial
	    3.03872e+03   -3.79872e+02   -3.34784e+02
	    1.29571e+02    2.87554e+03   -6.29801e+02
	    1.75314e+02   -8.88115e+02    2.80377e+03
	
	pressure tensor
	   -2.02172e+01    1.18929e+01    1.16394e+01
	   -4.36828e+00   -1.14259e+01    2.07122e+01
	   -4.64266e+00    2.89575e+01   -9.83187e+00
	
	pressure:    -1.38250e+01
	volume:       6.26577e+01

END

--------------------------------------------------------------------------------

[audit] 9998 energy blocks elided (md_05.log: printed every 100 steps; kept the first and the last)

TIMESTEP
         999900  999.900000000
END
ENERGIES
E_Total                :  -7.0045e+04
E_Kinetic              :            1.5123e+04
E_Potential+Special    :           -8.5168e+04
E_Potential            :           -8.5168e+04
E_Covalent             :                     0.0000e+00
E_Bonds                :                              0.0000e+00
E_Angles               :                              0.0000e+00
E_Improper             :                              0.0000e+00
E_Dihedral             :                              0.0000e+00
E_Crossdihedral        :                              0.0000e+00
E_Non-bonded           :                    -8.5168e+04
E_Vdw                  :                              1.4044e+04
E_El (RF)              :                             -9.9212e+04
E_El (LS)              :                              0.0000e+00
E_El (pair)            :                                       0.0000e+00
E_El (real-space)      :                                                0.0000e+00
E_El (k-space)         :                                                0.0000e+00
E_El (A term)          :                                                0.0000e+00
E_El (lattice sum self):                                       0.0000e+00
E_El (surface term)    :                                       0.0000e+00
E_Polarisation self    :                              0.0000e+00
E_QM                   :                     0.0000e+00
E_Special              :            0.0000e+00
E_total_orig           :                    -7.0045e+04
E_total_phys           :                    -7.0045e+04
E_SASA                 :                     0.0000e+00
E_SASA Volume          :                     0.0000e+00
E_Constraints          :                     0.0000e+00
E_Distanceres          :                     0.0000e+00
E_Disfieldres          :                     0.0000e+00
E_Angrest              :                     0.0000e+00
E_Dihrest              :                     0.0000e+00
E_Posrest              :                     0.0000e+00
E_Jrest                :                     0.0000e+00
E_X-ray restraints     :                     0.0000e+00
E_Local elevation      :                     0.0000e+00
E_Order-parameter rest.:                     0.0000e+00
E_RDCrest              :                     0.0000e+00
E_Symmetry restraints  :                     0.0000e+00
E_EDS reference        :                     0.0000e+00
E_GAMD total           :                     0.0000e+00
E_Entropy              :                     0.0000e+00
E_NN validation        :                     0.0000e+00
E_NN validation Fmax   :                     0.0000e+00
E_Collective variables :                     0.0000e+00

                 COV      1-6144
             E_bonds  0.0000e+00
            E_angles  0.0000e+00
         E_impropers  0.0000e+00
         E_dihedrals  0.0000e+00
    E_crossdihedrals  0.0000e+00

               E_VDW      1-6144
              1-6144  1.4044e+04

               E_CRF      1-6144
              1-6144 -9.9212e+04

  E_Shift_extra_orig   All Zeros

  E_Shift_extra_phys   All Zeros

         E_LS (real)   All Zeros

       E_Self-energy  0.0000e+00

           E_SPECIAL      1-6144
              E_SASA  0.0000e+00
       E_SASA Volume  0.0000e+00
       E_Constraints  0.0000e+00
       E_Distanceres  0.0000e+00
       E_Disfieldres  0.0000e+00
           E_Angrest  0.0000e+00
           E_Dihrest  0.0000e+00
           E_Posrest  0.0000e+00
             E_Jrest  0.0000e+00
           E_RDCrest  0.0000e+00
END
TEMPERATURES
      BATH         EKIN  EKIN-MOL-TR  EKIN-MOL-IR         T  T-MOL-TR  T-MOL-IR       SCALE
         0   1.5123e+04   7.5597e+03   7.5632e+03    296.19    295.97    296.11   1.0000316
    ---------------------------------------------------------------------------------------
     T_avg   1.5123e+04   7.5597e+03   7.5632e+03    296.19    295.97    296.11   1.0000316
END
PRESSURE
	molecular kinetic energy:
	    2.63492e+03   -5.44905e+01    2.41680e+01
	   -5.44905e+01    2.52510e+03   -1.11136e+02
	    2.41680e+01   -1.11136e+02    2.40290e+03
	
	virial
	    2.65548e+03    4.30074e+02   -6.91549e+02
	    3.81900e+02    3.31116e+03    8.00938e+02
	   -2.59762e+00    3.84664e+02    3.22332e+03
	
	pressure tensor
	   -6.54351e-01   -1.54205e+01    2.27766e+01
	   -1.38875e+01   -2.50151e+01   -2.90254e+01
	    8.51775e-01   -1.57781e+01   -2.61084e+01
	
	pressure:    -1.72593e+01
	volume:       6.28467e+01

END
MD:       MD:        100% done...
MD: spent 4:29:6
MD: ETA   0:0:0
writing final configuration
 100% done...
MD: spent 4:29:6
MD: ETA   0:0:0

============================================================
FINAL DATA
============================================================


	simulation time  :1000.00000
	simulation steps :   1000000

ENERGY AVERAGES
<E>_Total                :  -7.0132e+04
<E>_Kinetic              :            1.5231e+04
<E>_Potential+Special    :           -8.5363e+04
<E>_Potential            :           -8.5363e+04
<E>_Covalent             :                     0.0000e+00
<E>_Bonds                :                              0.0000e+00
<E>_Angles               :                              0.0000e+00
<E>_Improper             :                              0.0000e+00
<E>_Dihedral             :                              0.0000e+00
<E>_Crossdihedral        :                              0.0000e+00
<E>_Non-bonded           :                    -8.5363e+04
<E>_Vdw                  :                              1.4441e+04
<E>_El (RF)              :                             -9.9804e+04
<E>_El (LS)              :                              0.0000e+00
<E>_El (pair)            :                                       0.0000e+00
<E>_El (real-space)      :                                                0.0000e+00
<E>_El (k-space)         :                                                0.0000e+00
<E>_El (A term)          :                                                0.0000e+00
<E>_El (lattice sum self):                                       0.0000e+00
<E>_El (surface term)    :                                       0.0000e+00
<E>_Polarisation self    :                              0.0000e+00
<E>_QM                   :                     0.0000e+00
<E>_Special              :            0.0000e+00
<E>_total_orig           :                    -7.0132e+04
<E>_total_phys           :                    -7.0132e+04
<E>_SASA                 :                     0.0000e+00
<E>_SASA Volume          :                     0.0000e+00
<E>_Constraints          :                     0.0000e+00
<E>_Distanceres          :                     0.0000e+00
<E>_Disfieldres          :                     0.0000e+00
<E>_Angrest              :                     0.0000e+00
<E>_Dihrest              :                     0.0000e+00
<E>_Posrest              :                     0.0000e+00
<E>_Jrest                :                     0.0000e+00
<E>_X-ray restraints     :                     0.0000e+00
<E>_Local elevation      :                     0.0000e+00
<E>_Order-parameter rest.:                     0.0000e+00
<E>_RDCrest              :                     0.0000e+00
<E>_Symmetry restraints  :                     0.0000e+00
<E>_EDS reference        :                     0.0000e+00
<E>_GAMD total           :                     0.0000e+00
<E>_Entropy              :                     0.0000e+00
<E>_NN validation        :                     0.0000e+00
<E>_NN validation Fmax   :                     0.0000e+00
<E>_Collective variables :                     0.0000e+00

                 COV      1-6144
           <E>_bonds  0.0000e+00
          <E>_angles  0.0000e+00
       <E>_impropers  0.0000e+00
       <E>_dihedrals  0.0000e+00
  <E>_crossdihedrals  0.0000e+00

             <E>_VDW      1-6144
              1-6144  1.4441e+04

             <E>_CRF      1-6144
              1-6144 -9.9804e+04

<E>_Shift_extra_orig   All Zeros

<E>_Shift_extra_phys   All Zeros

       <E>_LS (real)   All Zeros

     <E>_Self-energy  0.0000e+00

         <E>_SPECIAL      1-6144
            <E>_SASA  0.0000e+00
     <E>_SASA Volume  0.0000e+00
     <E>_Constraints  0.0000e+00
     <E>_Distanceres  0.0000e+00
     <E>_Disfieldres  0.0000e+00
         <E>_Angrest  0.0000e+00
         <E>_Dihrest  0.0000e+00
         <E>_Posrest  0.0000e+00
           <E>_Jrest  0.0000e+00
         <E>_RDCrest  0.0000e+00
END
ENERGY FLUCTUATIONS
<<E>>_Total                :   1.5482e+02
<<E>>_Kinetic              :            1.3939e+02
<<E>>_Potential+Special    :            2.0797e+02
<<E>>_Potential            :            2.0797e+02
<<E>>_Covalent             :                     0.0000e+00
<<E>>_Bonds                :                              0.0000e+00
<<E>>_Angles               :                              0.0000e+00
<<E>>_Improper             :                              0.0000e+00
<<E>>_Dihedral             :                              0.0000e+00
<<E>>_Crossdihedral        :                              0.0000e+00
<<E>>_Non-bonded           :                     2.0797e+02
<<E>>_Vdw                  :                              2.5438e+02
<<E>>_El (RF)              :                              3.6083e+02
<<E>>_El (LS)              :                              0.0000e+00
<<E>>_El (pair)            :                                       0.0000e+00
<<E>>_El (real-space)      :                                                0.0000e+00
<<E>>_El (k-space)         :                                                0.0000e+00
<<E>>_El (A term)          :                                                0.0000e+00
<<E>>_El (lattice sum self):                                       0.0000e+00
<<E>>_El (surface term)    :                                       0.0000e+00
<<E>>_Polarisation self    :                              0.0000e+00
<<E>>_QM                   :                     0.0000e+00
<<E>>_Special              :            0.0000e+00
<<E>>_total_orig           :                     1.5482e+02
<<E>>_total_phys           :                     1.5482e+02
<<E>>_SASA                 :                     0.0000e+00
<<E>>_SASA Volume          :                     0.0000e+00
<<E>>_Constraints          :                     0.0000e+00
<<E>>_Distanceres          :                     0.0000e+00
<<E>>_Disfieldres          :                     0.0000e+00
<<E>>_Angrest              :                     0.0000e+00
<<E>>_Dihrest              :                     0.0000e+00
<<E>>_Posrest              :                     0.0000e+00
<<E>>_Jrest                :                     0.0000e+00
<<E>>_X-ray restraints     :                     0.0000e+00
<<E>>_Local elevation      :                     0.0000e+00
<<E>>_Order-parameter rest.:                     0.0000e+00
<<E>>_RDCrest              :                     0.0000e+00
<<E>>_Symmetry restraints  :                     0.0000e+00
<<E>>_EDS reference        :                     0.0000e+00
<<E>>_GAMD total           :                     0.0000e+00
<<E>>_Entropy              :                     0.0000e+00
<<E>>_NN validation        :                     0.0000e+00
<<E>>_NN validation Fmax   :                     0.0000e+00
<<E>>_Collective variables :                     0.0000e+00

                 COV      1-6144
         <<E>>_bonds  0.0000e+00
        <<E>>_angles  0.0000e+00
     <<E>>_impropers  0.0000e+00
     <<E>>_dihedrals  0.0000e+00
<<E>>_crossdihedrals  0.0000e+00

           <<E>>_VDW      1-6144
              1-6144  2.5438e+02

           <<E>>_CRF      1-6144
              1-6144  3.6083e+02

<<E>>_Shift_extra_orig   All Zeros

<<E>>_Shift_extra_phys   All Zeros

     <<E>>_LS (real)   All Zeros

   <<E>>_Self-energy  0.0000e+00

       <<E>>_SPECIAL      1-6144
          <<E>>_SASA  0.0000e+00
   <<E>>_SASA Volume  0.0000e+00
   <<E>>_Constraints  0.0000e+00
   <<E>>_Distanceres  0.0000e+00
   <<E>>_Disfieldres  0.0000e+00
       <<E>>_Angrest  0.0000e+00
       <<E>>_Dihrest  0.0000e+00
       <<E>>_Posrest  0.0000e+00
         <<E>>_Jrest  0.0000e+00
       <<E>>_RDCrest  0.0000e+00
END
TEMPERATURE AVERAGES
      BATH         EKIN  EKIN-MOL-TR  EKIN-MOL-IR         T  T-MOL-TR  T-MOL-IR       SCALE
         0   1.5231e+04   7.6070e+03   7.6237e+03    298.30    297.83    298.48   0.9999861
    ---------------------------------------------------------------------------------------
     T_avg   1.5231e+04   7.6070e+03   7.6237e+03    298.30    297.83    298.48   0.9999861
END
TEMPERATURE FLUCTUATIONS
      BATH         EKIN  EKIN-MOL-TR  EKIN-MOL-IR         T  T-MOL-TR  T-MOL-IR       SCALE
         0   1.3939e+02   1.1584e+02   1.2205e+02      2.73      4.54      4.78   0.9999861
    ---------------------------------------------------------------------------------------
     T_avg   1.3939e+02   1.1584e+02   1.2205e+02      2.73      4.54      4.78   0.9999861
END
PRESSURE AVERAGE
	   -4.08620e-01    3.30051e-02   -9.38742e-02
	    3.27804e-02    1.56359e-01    1.76126e-01
	   -9.37837e-02    1.76078e-01    4.40972e-01
END
PRESSURE FLUCTUATION
	    2.05041e+01    1.60479e+01    1.61369e+01
	    1.60615e+01    2.03863e+01    1.60851e+01
	    1.61374e+01    1.60832e+01    2.05900e+01
END

MESSAGES FROM SIMULATION


TIMING
          RemoveCOMMotion                        0.208
          Lattice_Shift_Tracker                 31.912
          QuarticBond                            0.739
          Angle                                  0.483
          ImproperDihedral                       0.869
          Dihedral                               0.616
          Crossdihedral                          0.656
          NonBonded                          14760.074              100.00%
             - set data summation                         20.190      0.14%
             - longrange addition                         12.553      0.09%
             - RF excluded interaction                     4.429      0.03%
             - LJ exceptions                               0.554      0.00%
             - shortrange solute                           0.372      0.00%
             - longrange solvent-solvent                  11.048      0.07%
             - longrange solute                            0.043      0.00%
             - 1,4 interaction                             0.797      0.01%
             - shortrange solvent-solvent               2094.657     14.19%
             - pairlist                                  315.075      2.13%
             - pairlist prepare                          140.873      0.95%
             - unaccounted time                        12159.483     82.38%
          MolecularVirial                      167.502
          Leap_Frog_Velocity                    16.999
          BerendsenThermostat                    5.860
          Leap_Frog_Position                    16.128
          Shake                                839.884              100.00%
             - solvent                                   144.407     17.19%
             - unaccounted time                          695.476     82.81%
          TemperatureCalculation                87.102
          PressureCalculation                    0.384
          BerendsenBarostat                      7.786
END

Wall time initialisation (s):       2.569
Wall time simulation (s):       16144.229
-----------------------------------------
Wall time total (s):            16146.798

Performance (ns/day):               5.352


Thu Aug 27 22:15:05 2026



MD++ finished successfully

