MD++
========
version    :     1.6.0
build date :     Mon Jul 13 16:53:48 AEST 2026

Debugging is disabled.

MPI code enabled
	running on 24 nodes.
	this is node 0.


Gruppe fuer Informatikgestuetzte Chemie
Professor W. F. van Gunsteren
ETH Swiss Federal Institute of Technology
Zurich, Switzerland

Bugreports to http://www.gromos.net

Running on gadi-cpu-clx-0597.gadi.nci.org.au (Linux 4.18.0-553.148.1.el8.nci.x86_64 #1 SMP Fri Jul 31 05:22:14 UTC 2026 x86_64).

MPI INFORMATION 
	Simulation ID 0
	Simulation Master Thread ID 0
	Simulation Total Num Threads 24
	Simulation All Thread IDS:  
		0	 1	 2	 3	 4	 5	 6	 7	 8	 9	 10	 11	 12	 13	 14	 15	 16	 17	 18	 19	 20	 21	 22	 23	 
END
INPUT
2048 SPC water, md_04
benchmark protocol: dt 0.001 ps, cutoff 1.8 nm, EPSRF 61
END
TOPOLOGY
MAKE_TOP topology, using:
/home/atb/ATB/gromos_job_wrapper/src/gromos_job_wrapper/lib/54A7.mtb
/home/atb/ATB/gromos_job_wrapper/src/gromos_job_wrapper/lib/54A7.ifp
Force-field code: 54A7

	unknown topology type (atomistic / coarse-grained)
	using atomistic parameters
	SOLVENT
		atoms : 3
		constraints : 3
		adding 2048 solvents.
	END
	SOLUTE [sub]molecules: 0
	SOLUTE temperature groups: 0
	SOLUTE pressure groups: 0
END
FORCEFIELD
	quartic bond interaction
	bond angle (cosine) interaction
	improper dihedral interaction
	dihedral interaction
	crossdihedral interaction
	nonbonded force     van-der-Waals                 Coulomb-reaction-field        
	Pairlist Algorithm  Grid Pairlist Algorithm       
	boundary            rectangular                   
	virial              molecular                     
	cutoff              chargegroup                   
	shortrange cutoff      : 1.8
	longrange cutoff       : 1.8
	pairlist creation every 5 steps

	REACTION FIELD PARAMETERS
	reactionfield cutoff   : 1.8
	epsilon                : 1
	reactionfield epsilon  : 61
	kappa                  : 0
	perturbation        off                           
END
PRESSURE SCALING
      COUPLE       SCALE        COMP         TAU      VIRIAL
       scale         iso     0.00046     0.50000   molecular
     SEMIANISOTROPIC COUPLINGS(X, Y, Z)
     1 (ignored)     1 (ignored)     1 (ignored)
     REFERENCE PRESSURE
     0.06102     0.00000     0.00000
     0.00000     0.06102     0.00000
     0.00000     0.00000     0.06102
END
CONFIGURATION
	reading POSITION...

	generating initial velocities
		temperature         = 298.15000
		random number seed  = 770004
		random number generator: GSL random number generator (mt19937)
	reading LATTICESHIFTS...
	reading GENBOX...
	PBC            = rectangular
	total mass     = 36895.53920
	volume         = 62.65770
	density        = 588.84284
END

CENTRE OF MASS MOTION
	removing centre of mass motion every 1000 steps
	removing centre of mass translation

END
LATTICESHIFTS
    keeping track of lattice shifts.
    reading initial shifts from configuration.
END
	extended grid pairlist algorithm
		cells                     10        10        10
		extenced cells            20        20        20
		cell size             0.3972    0.3972    0.3972
		particles / cell        2.0480
		particles / layer     204.8000
		cells in mask              404
		pairs               2097152.0000
		pairs (grid)        1694498.8160
		pairs (cutoff)      817638.9423
		occupied                   977
		particle / occ cell     2.0962
	estimated pairlist size (per atom) : 3114
	using standard solvent loops (user request)
Molecular virial (calculated from atomic virial)
INTEGRATION
	Leap frog velocity
	Weak-Coupling temperature coupling
	Leap frog position
END
SHAKE
	solute	OFF
	solvent	ON (MPI parallel version)
		tolerance = 0.00001000
END
MULTIBATHCOUPLING
   LAST-ATOM    LAST-MOL    COM-BATH     IR-BATH
        6144        2048           1           1
END
DEGREES OF FREEDOM
      BATH   TEMP0     TAU       DOF   MOL-DOF    IR-DOF     SOLUC     SOLVC
         0  298.15    0.10  12282.00   6144.00   6144.00      0.00   6144.00
    --------------------------------------------------------------------------
     Total  298.15    0.10  12282.00   6144.00   6144.00      0.00   6144.00
END
INITIAL TEMPERATURES
      BATH         EKIN  EKIN-MOL-TR  EKIN-MOL-IR         T  T-MOL-TR  T-MOL-IR       SCALE
         0   2.2743e+04   7.4025e+03   1.5341e+04    445.43    289.82    600.61   0.0000000
    ---------------------------------------------------------------------------------------
     T_avg   2.2743e+04   7.4025e+03   1.5341e+04    445.43    289.82    600.61   0.0000000
END
TITLE
	MD++

	output file
END
  WARNING In_Topology : block ATOMTYPENAME unknown and not read in!
  WARNING In_Topology : block BOND unknown and not read in!
  WARNING In_Topology : block BONDANGLE unknown and not read in!
  WARNING In_Topology : block BONDANGLEH unknown and not read in!
  WARNING In_Topology : block BONDH unknown and not read in!
  WARNING In_Topology : block CROSSDIHEDRAL unknown and not read in!
  WARNING In_Topology : block CROSSDIHEDRALH unknown and not read in!
  WARNING In_Topology : block DIHEDRAL unknown and not read in!
  WARNING In_Topology : block DIHEDRALH unknown and not read in!
  WARNING In_Topology : block IMPDIHEDRAL unknown and not read in!
  WARNING In_Topology : block IMPDIHEDRALH unknown and not read in!
  WARNING In_Topology : block LJEXCEPTIONS unknown and not read in!
  WARNING In_Topology : block PRESSUREGROUPS unknown and not read in!
  WARNING In_Topology : block RESNAME unknown and not read in!
  WARNING In_Topology : block SOLUTEATOM unknown and not read in!
  WARNING In_Topology : block SOLUTEMOLECULES unknown and not read in!
  WARNING In_Topology : block TEMPERATUREGROUPS unknown and not read in!
  WARNING in_configuration : You are generating new velocities even though there is already a VELOCITY block.
   NOTICE read input : parameter read from /scratch/m72/mzs564/gromos_runs/ssd1_nas_md/water_benchmarking/spc/gromos/md_04.imd
        ,------------------------------------------------.
        | 2048 SPC water, md_04
        | benchmark protocol: dt 0.001 ps, cutoff 1.8 nm, EPSRF 61
        `------------------------------------------------'
   NOTICE In_Topology::bondtype : Reading bond types from BONDSTRETCHTYPE block
   NOTICE In_Topology::angletype : Reading angle types from BONDANGLEBENDTYPE block
   NOTICE In_Topology::dihedraltype : Reading angle types from TORSDIHEDRALTYPE block
   NOTICE read input : topology read from /scratch/m72/mzs564/gromos_runs/ssd1_nas_md/water_benchmarking/spc/gromos/spc.top
        ,------------------------------------------------.
        | MAKE_TOP topology, using:
        | /home/atb/ATB/gromos_job_wrapper/src/gromos_job_wrapper/lib/54A7.mtb
        | /home/atb/ATB/gromos_job_wrapper/src/gromos_job_wrapper/lib/54A7.ifp
        | Force-field code: 54A7
        `------------------------------------------------'
   NOTICE read input : configuration read from /scratch/m72/mzs564/gromos_runs/ssd1_nas_md/water_benchmarking/spc/gromos/eq3.cnf
        ,------------------------------------------------.
        | 	MD++
        | 2048 SPC water, eq3
        | benchmark protocol: dt 0.001 ps, cutoff 1.8 nm, EPSRF 61
        | 	final configuration
        `------------------------------------------------'

enter the next level of molecular dynamics simulations

==================================================
 MAIN MD LOOP
==================================================


--------------------------------------------------------------------------------
TIMESTEP
              0    0.000000000
END
ENERGIES
E_Total                :  -6.6226e+04
E_Kinetic              :            1.9011e+04
E_Potential+Special    :           -8.5236e+04
E_Potential            :           -8.5236e+04
E_Covalent             :                     0.0000e+00
E_Bonds                :                              0.0000e+00
E_Angles               :                              0.0000e+00
E_Improper             :                              0.0000e+00
E_Dihedral             :                              0.0000e+00
E_Crossdihedral        :                              0.0000e+00
E_Non-bonded           :                    -8.5236e+04
E_Vdw                  :                              1.4094e+04
E_El (RF)              :                             -9.9330e+04
E_El (LS)              :                              0.0000e+00
E_El (pair)            :                                       0.0000e+00
E_El (real-space)      :                                                0.0000e+00
E_El (k-space)         :                                                0.0000e+00
E_El (A term)          :                                                0.0000e+00
E_El (lattice sum self):                                       0.0000e+00
E_El (surface term)    :                                       0.0000e+00
E_Polarisation self    :                              0.0000e+00
E_QM                   :                     0.0000e+00
E_Special              :            0.0000e+00
E_total_orig           :                    -6.6226e+04
E_total_phys           :                    -6.6226e+04
E_SASA                 :                     0.0000e+00
E_SASA Volume          :                     0.0000e+00
E_Constraints          :                     0.0000e+00
E_Distanceres          :                     0.0000e+00
E_Disfieldres          :                     0.0000e+00
E_Angrest              :                     0.0000e+00
E_Dihrest              :                     0.0000e+00
E_Posrest              :                     0.0000e+00
E_Jrest                :                     0.0000e+00
E_X-ray restraints     :                     0.0000e+00
E_Local elevation      :                     0.0000e+00
E_Order-parameter rest.:                     0.0000e+00
E_RDCrest              :                     0.0000e+00
E_Symmetry restraints  :                     0.0000e+00
E_EDS reference        :                     0.0000e+00
E_GAMD total           :                     0.0000e+00
E_Entropy              :                     0.0000e+00
E_NN validation        :                     0.0000e+00
E_NN validation Fmax   :                     0.0000e+00
E_Collective variables :                     0.0000e+00

                 COV      1-6144
             E_bonds  0.0000e+00
            E_angles  0.0000e+00
         E_impropers  0.0000e+00
         E_dihedrals  0.0000e+00
    E_crossdihedrals  0.0000e+00

               E_VDW      1-6144
              1-6144  1.4094e+04

               E_CRF      1-6144
              1-6144 -9.9330e+04

  E_Shift_extra_orig   All Zeros

  E_Shift_extra_phys   All Zeros

         E_LS (real)   All Zeros

       E_Self-energy  0.0000e+00

           E_SPECIAL      1-6144
              E_SASA  0.0000e+00
       E_SASA Volume  0.0000e+00
       E_Constraints  0.0000e+00
       E_Distanceres  0.0000e+00
       E_Disfieldres  0.0000e+00
           E_Angrest  0.0000e+00
           E_Dihrest  0.0000e+00
           E_Posrest  0.0000e+00
             E_Jrest  0.0000e+00
           E_RDCrest  0.0000e+00
END
TEMPERATURES
      BATH         EKIN  EKIN-MOL-TR  EKIN-MOL-IR         T  T-MOL-TR  T-MOL-IR       SCALE
         0   1.9011e+04   7.3887e+03   1.1622e+04    372.33    289.28    455.02   0.9983454
    ---------------------------------------------------------------------------------------
     T_avg   1.9011e+04   7.3887e+03   1.1622e+04    372.33    289.28    455.02   0.9983454
END
PRESSURE
	molecular kinetic energy:
	    2.49512e+03    6.31740e+01   -4.73261e+01
	    6.31740e+01    2.46663e+03    2.55035e+01
	   -4.73261e+01    2.55035e+01    2.44072e+03
	
	virial
	    3.03872e+03   -3.79872e+02   -3.34784e+02
	    1.29571e+02    2.87554e+03   -6.29801e+02
	    1.75314e+02   -8.88115e+02    2.80377e+03
	
	pressure tensor
	   -1.73514e+01    1.41418e+01    9.17549e+00
	   -2.11935e+00   -1.30523e+01    2.09170e+01
	   -7.10655e+00    2.91622e+01   -1.15884e+01
	
	pressure:    -1.39974e+01
	volume:       6.26577e+01

END

--------------------------------------------------------------------------------

[audit] 9998 energy blocks elided (md_04.log: printed every 100 steps; kept the first and the last)

TIMESTEP
         999900  999.900000000
END
ENERGIES
E_Total                :  -7.0391e+04
E_Kinetic              :            1.5535e+04
E_Potential+Special    :           -8.5926e+04
E_Potential            :           -8.5926e+04
E_Covalent             :                     0.0000e+00
E_Bonds                :                              0.0000e+00
E_Angles               :                              0.0000e+00
E_Improper             :                              0.0000e+00
E_Dihedral             :                              0.0000e+00
E_Crossdihedral        :                              0.0000e+00
E_Non-bonded           :                    -8.5926e+04
E_Vdw                  :                              1.4640e+04
E_El (RF)              :                             -1.0057e+05
E_El (LS)              :                              0.0000e+00
E_El (pair)            :                                       0.0000e+00
E_El (real-space)      :                                                0.0000e+00
E_El (k-space)         :                                                0.0000e+00
E_El (A term)          :                                                0.0000e+00
E_El (lattice sum self):                                       0.0000e+00
E_El (surface term)    :                                       0.0000e+00
E_Polarisation self    :                              0.0000e+00
E_QM                   :                     0.0000e+00
E_Special              :            0.0000e+00
E_total_orig           :                    -7.0391e+04
E_total_phys           :                    -7.0391e+04
E_SASA                 :                     0.0000e+00
E_SASA Volume          :                     0.0000e+00
E_Constraints          :                     0.0000e+00
E_Distanceres          :                     0.0000e+00
E_Disfieldres          :                     0.0000e+00
E_Angrest              :                     0.0000e+00
E_Dihrest              :                     0.0000e+00
E_Posrest              :                     0.0000e+00
E_Jrest                :                     0.0000e+00
E_X-ray restraints     :                     0.0000e+00
E_Local elevation      :                     0.0000e+00
E_Order-parameter rest.:                     0.0000e+00
E_RDCrest              :                     0.0000e+00
E_Symmetry restraints  :                     0.0000e+00
E_EDS reference        :                     0.0000e+00
E_GAMD total           :                     0.0000e+00
E_Entropy              :                     0.0000e+00
E_NN validation        :                     0.0000e+00
E_NN validation Fmax   :                     0.0000e+00
E_Collective variables :                     0.0000e+00

                 COV      1-6144
             E_bonds  0.0000e+00
            E_angles  0.0000e+00
         E_impropers  0.0000e+00
         E_dihedrals  0.0000e+00
    E_crossdihedrals  0.0000e+00

               E_VDW      1-6144
              1-6144  1.4640e+04

               E_CRF      1-6144
              1-6144 -1.0057e+05

  E_Shift_extra_orig   All Zeros

  E_Shift_extra_phys   All Zeros

         E_LS (real)   All Zeros

       E_Self-energy  0.0000e+00

           E_SPECIAL      1-6144
              E_SASA  0.0000e+00
       E_SASA Volume  0.0000e+00
       E_Constraints  0.0000e+00
       E_Distanceres  0.0000e+00
       E_Disfieldres  0.0000e+00
           E_Angrest  0.0000e+00
           E_Dihrest  0.0000e+00
           E_Posrest  0.0000e+00
             E_Jrest  0.0000e+00
           E_RDCrest  0.0000e+00
END
TEMPERATURES
      BATH         EKIN  EKIN-MOL-TR  EKIN-MOL-IR         T  T-MOL-TR  T-MOL-IR       SCALE
         0   1.5535e+04   7.8045e+03   7.7303e+03    304.25    305.56    302.65   0.9999031
    ---------------------------------------------------------------------------------------
     T_avg   1.5535e+04   7.8045e+03   7.7303e+03    304.25    305.56    302.65   0.9999031
END
PRESSURE
	molecular kinetic energy:
	    2.61573e+03   -1.58239e+00   -2.13806e+01
	   -1.58239e+00    2.53812e+03    4.54824e+00
	   -2.13806e+01    4.54824e+00    2.65229e+03
	
	virial
	    2.92857e+03    4.37491e+02    2.63577e+01
	    9.05675e+02    1.86654e+03   -7.45574e+02
	    8.50740e+02   -3.47930e+01    2.94109e+03
	
	pressure tensor
	   -9.96168e+00   -1.39816e+01   -1.52016e+00
	   -2.88903e+01    2.13856e+01    2.38865e+01
	   -2.77714e+01    1.25276e+00   -9.19640e+00
	
	pressure:     7.42504e-01
	volume:       6.28071e+01

END
MD:        100% done...
MD: spent 4:22:47
MD: ETA   0:0:0
MD:        100% done...
MD: spent 4:22:47
MD: ETA   0:0:0
writing final configuration

============================================================
FINAL DATA
============================================================


	simulation time  :1000.00000
	simulation steps :   1000000

ENERGY AVERAGES
<E>_Total                :  -7.0127e+04
<E>_Kinetic              :            1.5231e+04
<E>_Potential+Special    :           -8.5358e+04
<E>_Potential            :           -8.5358e+04
<E>_Covalent             :                     0.0000e+00
<E>_Bonds                :                              0.0000e+00
<E>_Angles               :                              0.0000e+00
<E>_Improper             :                              0.0000e+00
<E>_Dihedral             :                              0.0000e+00
<E>_Crossdihedral        :                              0.0000e+00
<E>_Non-bonded           :                    -8.5358e+04
<E>_Vdw                  :                              1.4437e+04
<E>_El (RF)              :                             -9.9795e+04
<E>_El (LS)              :                              0.0000e+00
<E>_El (pair)            :                                       0.0000e+00
<E>_El (real-space)      :                                                0.0000e+00
<E>_El (k-space)         :                                                0.0000e+00
<E>_El (A term)          :                                                0.0000e+00
<E>_El (lattice sum self):                                       0.0000e+00
<E>_El (surface term)    :                                       0.0000e+00
<E>_Polarisation self    :                              0.0000e+00
<E>_QM                   :                     0.0000e+00
<E>_Special              :            0.0000e+00
<E>_total_orig           :                    -7.0127e+04
<E>_total_phys           :                    -7.0127e+04
<E>_SASA                 :                     0.0000e+00
<E>_SASA Volume          :                     0.0000e+00
<E>_Constraints          :                     0.0000e+00
<E>_Distanceres          :                     0.0000e+00
<E>_Disfieldres          :                     0.0000e+00
<E>_Angrest              :                     0.0000e+00
<E>_Dihrest              :                     0.0000e+00
<E>_Posrest              :                     0.0000e+00
<E>_Jrest                :                     0.0000e+00
<E>_X-ray restraints     :                     0.0000e+00
<E>_Local elevation      :                     0.0000e+00
<E>_Order-parameter rest.:                     0.0000e+00
<E>_RDCrest              :                     0.0000e+00
<E>_Symmetry restraints  :                     0.0000e+00
<E>_EDS reference        :                     0.0000e+00
<E>_GAMD total           :                     0.0000e+00
<E>_Entropy              :                     0.0000e+00
<E>_NN validation        :                     0.0000e+00
<E>_NN validation Fmax   :                     0.0000e+00
<E>_Collective variables :                     0.0000e+00

                 COV      1-6144
           <E>_bonds  0.0000e+00
          <E>_angles  0.0000e+00
       <E>_impropers  0.0000e+00
       <E>_dihedrals  0.0000e+00
  <E>_crossdihedrals  0.0000e+00

             <E>_VDW      1-6144
              1-6144  1.4437e+04

             <E>_CRF      1-6144
              1-6144 -9.9795e+04

<E>_Shift_extra_orig   All Zeros

<E>_Shift_extra_phys   All Zeros

       <E>_LS (real)   All Zeros

     <E>_Self-energy  0.0000e+00

         <E>_SPECIAL      1-6144
            <E>_SASA  0.0000e+00
     <E>_SASA Volume  0.0000e+00
     <E>_Constraints  0.0000e+00
     <E>_Distanceres  0.0000e+00
     <E>_Disfieldres  0.0000e+00
         <E>_Angrest  0.0000e+00
         <E>_Dihrest  0.0000e+00
         <E>_Posrest  0.0000e+00
           <E>_Jrest  0.0000e+00
         <E>_RDCrest  0.0000e+00
END
ENERGY FLUCTUATIONS
<<E>>_Total                :   1.5548e+02
<<E>>_Kinetic              :            1.3980e+02
<<E>>_Potential+Special    :            2.0899e+02
<<E>>_Potential            :            2.0899e+02
<<E>>_Covalent             :                     0.0000e+00
<<E>>_Bonds                :                              0.0000e+00
<<E>>_Angles               :                              0.0000e+00
<<E>>_Improper             :                              0.0000e+00
<<E>>_Dihedral             :                              0.0000e+00
<<E>>_Crossdihedral        :                              0.0000e+00
<<E>>_Non-bonded           :                     2.0899e+02
<<E>>_Vdw                  :                              2.5709e+02
<<E>>_El (RF)              :                              3.6678e+02
<<E>>_El (LS)              :                              0.0000e+00
<<E>>_El (pair)            :                                       0.0000e+00
<<E>>_El (real-space)      :                                                0.0000e+00
<<E>>_El (k-space)         :                                                0.0000e+00
<<E>>_El (A term)          :                                                0.0000e+00
<<E>>_El (lattice sum self):                                       0.0000e+00
<<E>>_El (surface term)    :                                       0.0000e+00
<<E>>_Polarisation self    :                              0.0000e+00
<<E>>_QM                   :                     0.0000e+00
<<E>>_Special              :            0.0000e+00
<<E>>_total_orig           :                     1.5548e+02
<<E>>_total_phys           :                     1.5548e+02
<<E>>_SASA                 :                     0.0000e+00
<<E>>_SASA Volume          :                     0.0000e+00
<<E>>_Constraints          :                     0.0000e+00
<<E>>_Distanceres          :                     0.0000e+00
<<E>>_Disfieldres          :                     0.0000e+00
<<E>>_Angrest              :                     0.0000e+00
<<E>>_Dihrest              :                     0.0000e+00
<<E>>_Posrest              :                     0.0000e+00
<<E>>_Jrest                :                     0.0000e+00
<<E>>_X-ray restraints     :                     0.0000e+00
<<E>>_Local elevation      :                     0.0000e+00
<<E>>_Order-parameter rest.:                     0.0000e+00
<<E>>_RDCrest              :                     0.0000e+00
<<E>>_Symmetry restraints  :                     0.0000e+00
<<E>>_EDS reference        :                     0.0000e+00
<<E>>_GAMD total           :                     0.0000e+00
<<E>>_Entropy              :                     0.0000e+00
<<E>>_NN validation        :                     0.0000e+00
<<E>>_NN validation Fmax   :                     0.0000e+00
<<E>>_Collective variables :                     0.0000e+00

                 COV      1-6144
         <<E>>_bonds  0.0000e+00
        <<E>>_angles  0.0000e+00
     <<E>>_impropers  0.0000e+00
     <<E>>_dihedrals  0.0000e+00
<<E>>_crossdihedrals  0.0000e+00

           <<E>>_VDW      1-6144
              1-6144  2.5709e+02

           <<E>>_CRF      1-6144
              1-6144  3.6678e+02

<<E>>_Shift_extra_orig   All Zeros

<<E>>_Shift_extra_phys   All Zeros

     <<E>>_LS (real)   All Zeros

   <<E>>_Self-energy  0.0000e+00

       <<E>>_SPECIAL      1-6144
          <<E>>_SASA  0.0000e+00
   <<E>>_SASA Volume  0.0000e+00
   <<E>>_Constraints  0.0000e+00
   <<E>>_Distanceres  0.0000e+00
   <<E>>_Disfieldres  0.0000e+00
       <<E>>_Angrest  0.0000e+00
       <<E>>_Dihrest  0.0000e+00
       <<E>>_Posrest  0.0000e+00
         <<E>>_Jrest  0.0000e+00
       <<E>>_RDCrest  0.0000e+00
END
TEMPERATURE AVERAGES
      BATH         EKIN  EKIN-MOL-TR  EKIN-MOL-IR         T  T-MOL-TR  T-MOL-IR       SCALE
         0   1.5231e+04   7.6084e+03   7.6225e+03    298.30    297.88    298.43   1.0000392
    ---------------------------------------------------------------------------------------
     T_avg   1.5231e+04   7.6084e+03   7.6225e+03    298.30    297.88    298.43   1.0000392
END
TEMPERATURE FLUCTUATIONS
      BATH         EKIN  EKIN-MOL-TR  EKIN-MOL-IR         T  T-MOL-TR  T-MOL-IR       SCALE
         0   1.3980e+02   1.1438e+02   1.2192e+02      2.74      4.48      4.77   1.0000392
    ---------------------------------------------------------------------------------------
     T_avg   1.3980e+02   1.1438e+02   1.2192e+02      2.74      4.48      4.77   1.0000392
END
PRESSURE AVERAGE
	   -5.83489e-02    1.32021e-02   -9.36350e-02
	    1.30505e-02    1.61032e-01    8.05207e-02
	   -9.39871e-02    8.03938e-02    8.59096e-02
END
PRESSURE FLUCTUATION
	    2.04579e+01    1.61613e+01    1.61415e+01
	    1.60599e+01    2.04305e+01    1.62779e+01
	    1.61976e+01    1.62721e+01    2.04819e+01
END

MESSAGES FROM SIMULATION


TIMING
          RemoveCOMMotion                        0.241
          Lattice_Shift_Tracker                 31.947
          QuarticBond                            0.707
          Angle                                  0.630
          ImproperDihedral                       0.710
          Dihedral                               0.593
          Crossdihedral                          0.622
          NonBonded                          14358.150              100.00%
             - set data summation                         19.703      0.14%
             - longrange addition                         13.137      0.09%
             - RF excluded interaction                     4.233      0.03%
             - LJ exceptions                               0.476      0.00%
             - shortrange solute                           0.323      0.00%
             - longrange solvent-solvent                  11.245      0.08%
             - longrange solute                            0.045      0.00%
             - 1,4 interaction                             0.709      0.00%
             - shortrange solvent-solvent               2073.229     14.44%
             - pairlist                                  312.031      2.17%
             - pairlist prepare                          137.374      0.96%
             - unaccounted time                        11785.645     82.08%
          MolecularVirial                      166.966
          Leap_Frog_Velocity                    17.182
          BerendsenThermostat                    5.957
          Leap_Frog_Position                    16.334
          Shake                                854.163              100.00%
             - solvent                                   147.726     17.29%
             - unaccounted time                          706.437     82.71%
          TemperatureCalculation                88.035
          PressureCalculation                    0.368
          BerendsenBarostat                      7.445
END

Wall time initialisation (s):       2.795
Wall time simulation (s):       15764.715
-----------------------------------------
Wall time total (s):            15767.511

Performance (ns/day):               5.481


Thu Aug 27 22:08:46 2026



MD++ finished successfully

